Archive member included to satisfy reference by file (symbol)

/usr/local/Cellar/avr-gcc@9/9.4.0/lib/avr-gcc/9/gcc/avr/9.4.0/avr35/libgcc.a(_udivmodsi4.o)
                              Arduino-usbserial.o (__udivmodsi4)
/usr/local/Cellar/avr-gcc@9/9.4.0/lib/avr-gcc/9/gcc/avr/9.4.0/avr35/libgcc.a(_exit.o)
                              /usr/local/Cellar/avr-gcc@9/9.4.0/lib/avr-gcc/9/gcc/avr/9.4.0/../../../../../../avr/lib/avr35/crtatmega16u2.o (exit)
/usr/local/Cellar/avr-gcc@9/9.4.0/lib/avr-gcc/9/gcc/avr/9.4.0/avr35/libgcc.a(_tablejump2.o)
                              ../../LUFA/Drivers/USB/HighLevel/DeviceStandardReq.o (__tablejump2__)
/usr/local/Cellar/avr-gcc@9/9.4.0/lib/avr-gcc/9/gcc/avr/9.4.0/avr35/libgcc.a(_copy_data.o)
                              Arduino-usbserial.o (__do_copy_data)
/usr/local/Cellar/avr-gcc@9/9.4.0/lib/avr-gcc/9/gcc/avr/9.4.0/avr35/libgcc.a(_clear_bss.o)
                              Arduino-usbserial.o (__do_clear_bss)
/usr/local/Cellar/avr-gcc@9/9.4.0/lib/avr-gcc/9/gcc/avr/9.4.0/../../../../../../avr/lib/avr35/libc.a(memcpy_P.o)
                              ../../LUFA/Drivers/USB/Class/Device/RNDIS.o (memcpy_P)
/usr/local/Cellar/avr-gcc@9/9.4.0/lib/avr-gcc/9/gcc/avr/9.4.0/../../../../../../avr/lib/avr35/libc.a(memcmp.o)
                              ../../LUFA/Drivers/USB/Class/Device/HID.o (memcmp)
/usr/local/Cellar/avr-gcc@9/9.4.0/lib/avr-gcc/9/gcc/avr/9.4.0/../../../../../../avr/lib/avr35/libc.a(memcpy.o)
                              ../../LUFA/Drivers/USB/Class/Device/HID.o (memcpy)
/usr/local/Cellar/avr-gcc@9/9.4.0/lib/avr-gcc/9/gcc/avr/9.4.0/../../../../../../avr/lib/avr35/libc.a(memset.o)
                              ../../LUFA/Drivers/USB/Class/Device/HID.o (memset)
/usr/local/Cellar/avr-gcc@9/9.4.0/lib/avr-gcc/9/gcc/avr/9.4.0/../../../../../../avr/lib/avr35/libatmega16u2.a(eerd_byte.o)
                              ../../LUFA/Drivers/USB/LowLevel/Endpoint.o (eeprom_read_byte)
/usr/local/Cellar/avr-gcc@9/9.4.0/lib/avr-gcc/9/gcc/avr/9.4.0/../../../../../../avr/lib/avr35/libatmega16u2.a(eeupd_byte.o)
                              ../../LUFA/Drivers/USB/LowLevel/Endpoint.o (eeprom_update_byte)

Allocating common symbols
Common symbol       size              file

USB_IsInitialized   0x1               ../../LUFA/Drivers/USB/HighLevel/USBTask.o
USB_CurrentlySelfPowered
                    0x1               ../../LUFA/Drivers/USB/HighLevel/DeviceStandardReq.o
USB_RemoteWakeupEnabled
                    0x1               ../../LUFA/Drivers/USB/HighLevel/DeviceStandardReq.o
PulseMSRemaining    0x3               Arduino-usbserial.o
USB_ControlRequest  0x8               ../../LUFA/Drivers/USB/HighLevel/USBTask.o
USB_ConfigurationNumber
                    0x1               ../../LUFA/Drivers/USB/HighLevel/DeviceStandardReq.o
USARTtoUSB_Buffer   0x85              Arduino-usbserial.o
USBtoUSART_Buffer   0x85              Arduino-usbserial.o

Discarded input sections

 .data          0x00000000        0x0 /usr/local/Cellar/avr-gcc@9/9.4.0/lib/avr-gcc/9/gcc/avr/9.4.0/../../../../../../avr/lib/avr35/crtatmega16u2.o
 .bss           0x00000000        0x0 /usr/local/Cellar/avr-gcc@9/9.4.0/lib/avr-gcc/9/gcc/avr/9.4.0/../../../../../../avr/lib/avr35/crtatmega16u2.o
 .text          0x00000000        0x0 Arduino-usbserial.o
 .bss           0x00000000        0x0 Arduino-usbserial.o
 .text          0x00000000        0x0 Descriptors.o
 .data          0x00000000        0x0 Descriptors.o
 .bss           0x00000000        0x0 Descriptors.o
 .text          0x00000000        0x0 ../../LUFA/Drivers/USB/LowLevel/Device.o
 .data          0x00000000        0x0 ../../LUFA/Drivers/USB/LowLevel/Device.o
 .bss           0x00000000        0x0 ../../LUFA/Drivers/USB/LowLevel/Device.o
 .text.USB_Device_SendRemoteWakeup
                0x00000000       0x2e ../../LUFA/Drivers/USB/LowLevel/Device.o
 .debug_info    0x00000000      0x1ad ../../LUFA/Drivers/USB/LowLevel/Device.o
 .debug_abbrev  0x00000000       0xcb ../../LUFA/Drivers/USB/LowLevel/Device.o
 .debug_aranges
                0x00000000       0x20 ../../LUFA/Drivers/USB/LowLevel/Device.o
 .debug_ranges  0x00000000       0x10 ../../LUFA/Drivers/USB/LowLevel/Device.o
 .debug_line    0x00000000      0x20e ../../LUFA/Drivers/USB/LowLevel/Device.o
 .debug_str     0x00000000      0x2be ../../LUFA/Drivers/USB/LowLevel/Device.o
 .comment       0x00000000       0x25 ../../LUFA/Drivers/USB/LowLevel/Device.o
 .debug_frame   0x00000000       0x24 ../../LUFA/Drivers/USB/LowLevel/Device.o
 .text          0x00000000        0x0 ../../LUFA/Drivers/USB/LowLevel/Endpoint.o
 .data          0x00000000        0x0 ../../LUFA/Drivers/USB/LowLevel/Endpoint.o
 .bss           0x00000000        0x0 ../../LUFA/Drivers/USB/LowLevel/Endpoint.o
 .text.Endpoint_Discard_Stream
                0x00000000       0x64 ../../LUFA/Drivers/USB/LowLevel/Endpoint.o
 .text.Endpoint_Write_Stream_LE
                0x00000000       0x7a ../../LUFA/Drivers/USB/LowLevel/Endpoint.o
 .text.Endpoint_Write_PStream_LE
                0x00000000       0x7a ../../LUFA/Drivers/USB/LowLevel/Endpoint.o
 .text.Endpoint_Write_EStream_LE
                0x00000000       0x86 ../../LUFA/Drivers/USB/LowLevel/Endpoint.o
 .text.Endpoint_Write_Stream_BE
                0x00000000       0x7e ../../LUFA/Drivers/USB/LowLevel/Endpoint.o
 .text.Endpoint_Write_EStream_BE
                0x00000000       0x92 ../../LUFA/Drivers/USB/LowLevel/Endpoint.o
 .text.Endpoint_Write_PStream_BE
                0x00000000       0x84 ../../LUFA/Drivers/USB/LowLevel/Endpoint.o
 .text.Endpoint_Read_Stream_LE
                0x00000000       0x7a ../../LUFA/Drivers/USB/LowLevel/Endpoint.o
 .text.Endpoint_Read_EStream_LE
                0x00000000       0x86 ../../LUFA/Drivers/USB/LowLevel/Endpoint.o
 .text.Endpoint_Read_Stream_BE
                0x00000000       0x7e ../../LUFA/Drivers/USB/LowLevel/Endpoint.o
 .text.Endpoint_Read_EStream_BE
                0x00000000       0x92 ../../LUFA/Drivers/USB/LowLevel/Endpoint.o
 .text.Endpoint_Write_Control_EStream_LE
                0x00000000       0xc2 ../../LUFA/Drivers/USB/LowLevel/Endpoint.o
 .text.Endpoint_Write_Control_Stream_BE
                0x00000000       0xb0 ../../LUFA/Drivers/USB/LowLevel/Endpoint.o
 .text.Endpoint_Write_Control_PStream_BE
                0x00000000       0xb6 ../../LUFA/Drivers/USB/LowLevel/Endpoint.o
 .text.Endpoint_Write_Control_EStream_BE
                0x00000000       0xcc ../../LUFA/Drivers/USB/LowLevel/Endpoint.o
 .text.Endpoint_Read_Control_EStream_LE
                0x00000000       0x92 ../../LUFA/Drivers/USB/LowLevel/Endpoint.o
 .text.Endpoint_Read_Control_Stream_BE
                0x00000000       0x76 ../../LUFA/Drivers/USB/LowLevel/Endpoint.o
 .text.Endpoint_Read_Control_EStream_BE
                0x00000000       0x9c ../../LUFA/Drivers/USB/LowLevel/Endpoint.o
 .text          0x00000000        0x0 ../../LUFA/Drivers/USB/LowLevel/Host.o
 .data          0x00000000        0x0 ../../LUFA/Drivers/USB/LowLevel/Host.o
 .bss           0x00000000        0x0 ../../LUFA/Drivers/USB/LowLevel/Host.o
 .debug_line    0x00000000        0x0 ../../LUFA/Drivers/USB/LowLevel/Host.o
 .debug_str     0x00000000      0x146 ../../LUFA/Drivers/USB/LowLevel/Host.o
 .comment       0x00000000       0x25 ../../LUFA/Drivers/USB/LowLevel/Host.o
 .text          0x00000000        0x0 ../../LUFA/Drivers/USB/LowLevel/Pipe.o
 .data          0x00000000        0x0 ../../LUFA/Drivers/USB/LowLevel/Pipe.o
 .bss           0x00000000        0x0 ../../LUFA/Drivers/USB/LowLevel/Pipe.o
 .debug_line    0x00000000        0x0 ../../LUFA/Drivers/USB/LowLevel/Pipe.o
 .debug_str     0x00000000      0x146 ../../LUFA/Drivers/USB/LowLevel/Pipe.o
 .comment       0x00000000       0x25 ../../LUFA/Drivers/USB/LowLevel/Pipe.o
 .text          0x00000000        0x0 ../../LUFA/Drivers/USB/LowLevel/USBController.o
 .data          0x00000000        0x0 ../../LUFA/Drivers/USB/LowLevel/USBController.o
 .bss           0x00000000        0x0 ../../LUFA/Drivers/USB/LowLevel/USBController.o
 .text.USB_ShutDown
                0x00000000       0x32 ../../LUFA/Drivers/USB/LowLevel/USBController.o
 .text          0x00000000        0x0 ../../LUFA/Drivers/USB/LowLevel/USBInterrupt.o
 .data          0x00000000        0x0 ../../LUFA/Drivers/USB/LowLevel/USBInterrupt.o
 .bss           0x00000000        0x0 ../../LUFA/Drivers/USB/LowLevel/USBInterrupt.o
 .text          0x00000000        0x0 ../../LUFA/Drivers/USB/HighLevel/ConfigDescriptor.o
 .data          0x00000000        0x0 ../../LUFA/Drivers/USB/HighLevel/ConfigDescriptor.o
 .bss           0x00000000        0x0 ../../LUFA/Drivers/USB/HighLevel/ConfigDescriptor.o
 .text.USB_GetNextDescriptorOfType
                0x00000000       0x42 ../../LUFA/Drivers/USB/HighLevel/ConfigDescriptor.o
 .text.USB_GetNextDescriptorOfTypeBefore
                0x00000000       0x4a ../../LUFA/Drivers/USB/HighLevel/ConfigDescriptor.o
 .text.USB_GetNextDescriptorOfTypeAfter
                0x00000000       0x3e ../../LUFA/Drivers/USB/HighLevel/ConfigDescriptor.o
 .text.USB_GetNextDescriptorComp
                0x00000000       0x7c ../../LUFA/Drivers/USB/HighLevel/ConfigDescriptor.o
 .debug_info    0x00000000      0x4ff ../../LUFA/Drivers/USB/HighLevel/ConfigDescriptor.o
 .debug_abbrev  0x00000000      0x1e0 ../../LUFA/Drivers/USB/HighLevel/ConfigDescriptor.o
 .debug_loc     0x00000000      0x529 ../../LUFA/Drivers/USB/HighLevel/ConfigDescriptor.o
 .debug_aranges
                0x00000000       0x38 ../../LUFA/Drivers/USB/HighLevel/ConfigDescriptor.o
 .debug_ranges  0x00000000       0x28 ../../LUFA/Drivers/USB/HighLevel/ConfigDescriptor.o
 .debug_line    0x00000000      0x458 ../../LUFA/Drivers/USB/HighLevel/ConfigDescriptor.o
 .debug_str     0x00000000      0x4a3 ../../LUFA/Drivers/USB/HighLevel/ConfigDescriptor.o
 .comment       0x00000000       0x25 ../../LUFA/Drivers/USB/HighLevel/ConfigDescriptor.o
 .debug_frame   0x00000000       0xbc ../../LUFA/Drivers/USB/HighLevel/ConfigDescriptor.o
 .text          0x00000000        0x0 ../../LUFA/Drivers/USB/HighLevel/DeviceStandardReq.o
 .data          0x00000000        0x0 ../../LUFA/Drivers/USB/HighLevel/DeviceStandardReq.o
 .bss           0x00000000        0x0 ../../LUFA/Drivers/USB/HighLevel/DeviceStandardReq.o
 .text          0x00000000        0x0 ../../LUFA/Drivers/USB/HighLevel/Events.o
 .data          0x00000000        0x0 ../../LUFA/Drivers/USB/HighLevel/Events.o
 .bss           0x00000000        0x0 ../../LUFA/Drivers/USB/HighLevel/Events.o
 .text          0x00000000        0x0 ../../LUFA/Drivers/USB/HighLevel/HostStandardReq.o
 .data          0x00000000        0x0 ../../LUFA/Drivers/USB/HighLevel/HostStandardReq.o
 .bss           0x00000000        0x0 ../../LUFA/Drivers/USB/HighLevel/HostStandardReq.o
 .debug_line    0x00000000        0x0 ../../LUFA/Drivers/USB/HighLevel/HostStandardReq.o
 .debug_str     0x00000000      0x152 ../../LUFA/Drivers/USB/HighLevel/HostStandardReq.o
 .comment       0x00000000       0x25 ../../LUFA/Drivers/USB/HighLevel/HostStandardReq.o
 .text          0x00000000        0x0 ../../LUFA/Drivers/USB/HighLevel/USBTask.o
 .data          0x00000000        0x0 ../../LUFA/Drivers/USB/HighLevel/USBTask.o
 .bss           0x00000000        0x0 ../../LUFA/Drivers/USB/HighLevel/USBTask.o
 .text          0x00000000        0x0 ../../LUFA/Drivers/USB/Class/Host/HIDParser.o
 .data          0x00000000        0x0 ../../LUFA/Drivers/USB/Class/Host/HIDParser.o
 .bss           0x00000000        0x0 ../../LUFA/Drivers/USB/Class/Host/HIDParser.o
 .debug_line    0x00000000        0x0 ../../LUFA/Drivers/USB/Class/Host/HIDParser.o
 .debug_str     0x00000000      0x14d ../../LUFA/Drivers/USB/Class/Host/HIDParser.o
 .comment       0x00000000       0x25 ../../LUFA/Drivers/USB/Class/Host/HIDParser.o
 .text          0x00000000        0x0 ../../LUFA/Drivers/USB/Class/Device/Audio.o
 .data          0x00000000        0x0 ../../LUFA/Drivers/USB/Class/Device/Audio.o
 .bss           0x00000000        0x0 ../../LUFA/Drivers/USB/Class/Device/Audio.o
 .text.Audio_Device_ProcessControlRequest
                0x00000000       0x48 ../../LUFA/Drivers/USB/Class/Device/Audio.o
 .text.Audio_Device_ConfigureEndpoints
                0x00000000       0x52 ../../LUFA/Drivers/USB/Class/Device/Audio.o
 .debug_info    0x00000000      0x4e9 ../../LUFA/Drivers/USB/Class/Device/Audio.o
 .debug_abbrev  0x00000000      0x1e8 ../../LUFA/Drivers/USB/Class/Device/Audio.o
 .debug_loc     0x00000000      0x1f3 ../../LUFA/Drivers/USB/Class/Device/Audio.o
 .debug_aranges
                0x00000000       0x28 ../../LUFA/Drivers/USB/Class/Device/Audio.o
 .debug_ranges  0x00000000       0x30 ../../LUFA/Drivers/USB/Class/Device/Audio.o
 .debug_line    0x00000000      0x376 ../../LUFA/Drivers/USB/Class/Device/Audio.o
 .debug_str     0x00000000      0x567 ../../LUFA/Drivers/USB/Class/Device/Audio.o
 .comment       0x00000000       0x25 ../../LUFA/Drivers/USB/Class/Device/Audio.o
 .debug_frame   0x00000000       0x44 ../../LUFA/Drivers/USB/Class/Device/Audio.o
 .text          0x00000000        0x0 ../../LUFA/Drivers/USB/Class/Device/CDC.o
 .data          0x00000000        0x0 ../../LUFA/Drivers/USB/Class/Device/CDC.o
 .bss           0x00000000        0x0 ../../LUFA/Drivers/USB/Class/Device/CDC.o
 .text.CDC_Device_SendString
                0x00000000       0x3a ../../LUFA/Drivers/USB/Class/Device/CDC.o
 .text.CDC_Device_putchar
                0x00000000       0x22 ../../LUFA/Drivers/USB/Class/Device/CDC.o
 .text.CDC_Device_BytesReceived
                0x00000000       0x48 ../../LUFA/Drivers/USB/Class/Device/CDC.o
 .text.CDC_Device_getchar
                0x00000000       0x14 ../../LUFA/Drivers/USB/Class/Device/CDC.o
 .text.CDC_Device_getchar_Blocking
                0x00000000       0x32 ../../LUFA/Drivers/USB/Class/Device/CDC.o
 .rodata        0x00000000        0x8 ../../LUFA/Drivers/USB/Class/Device/CDC.o
 .text.CDC_Device_SendControlLineStateChange
                0x00000000       0x8a ../../LUFA/Drivers/USB/Class/Device/CDC.o
 .text.CDC_Device_CreateStream
                0x00000000       0x26 ../../LUFA/Drivers/USB/Class/Device/CDC.o
 .text.CDC_Device_CreateBlockingStream
                0x00000000       0x26 ../../LUFA/Drivers/USB/Class/Device/CDC.o
 .text          0x00000000        0x0 ../../LUFA/Drivers/USB/Class/Device/HID.o
 .data          0x00000000        0x0 ../../LUFA/Drivers/USB/Class/Device/HID.o
 .bss           0x00000000        0x0 ../../LUFA/Drivers/USB/Class/Device/HID.o
 .text.HID_Device_ProcessControlRequest
                0x00000000      0x24c ../../LUFA/Drivers/USB/Class/Device/HID.o
 .text.HID_Device_ConfigureEndpoints
                0x00000000       0x3a ../../LUFA/Drivers/USB/Class/Device/HID.o
 .text.HID_Device_USBTask
                0x00000000      0x15a ../../LUFA/Drivers/USB/Class/Device/HID.o
 .debug_info    0x00000000      0xa5b ../../LUFA/Drivers/USB/Class/Device/HID.o
 .debug_abbrev  0x00000000      0x272 ../../LUFA/Drivers/USB/Class/Device/HID.o
 .debug_loc     0x00000000      0x456 ../../LUFA/Drivers/USB/Class/Device/HID.o
 .debug_aranges
                0x00000000       0x30 ../../LUFA/Drivers/USB/Class/Device/HID.o
 .debug_ranges  0x00000000       0x38 ../../LUFA/Drivers/USB/Class/Device/HID.o
 .debug_line    0x00000000      0x97c ../../LUFA/Drivers/USB/Class/Device/HID.o
 .debug_str     0x00000000      0x78c ../../LUFA/Drivers/USB/Class/Device/HID.o
 .comment       0x00000000       0x25 ../../LUFA/Drivers/USB/Class/Device/HID.o
 .debug_frame   0x00000000       0xc8 ../../LUFA/Drivers/USB/Class/Device/HID.o
 .text          0x00000000        0x0 ../../LUFA/Drivers/USB/Class/Device/MassStorage.o
 .data          0x00000000        0x0 ../../LUFA/Drivers/USB/Class/Device/MassStorage.o
 .bss           0x00000000        0x2 ../../LUFA/Drivers/USB/Class/Device/MassStorage.o
 .text.StreamCallback_MS_Device_AbortOnMassStoreReset
                0x00000000        0xc ../../LUFA/Drivers/USB/Class/Device/MassStorage.o
 .text.MS_Device_ProcessControlRequest
                0x00000000       0x68 ../../LUFA/Drivers/USB/Class/Device/MassStorage.o
 .text.MS_Device_ConfigureEndpoints
                0x00000000       0x70 ../../LUFA/Drivers/USB/Class/Device/MassStorage.o
 .text.MS_Device_USBTask
                0x00000000      0x1d4 ../../LUFA/Drivers/USB/Class/Device/MassStorage.o
 .debug_info    0x00000000      0xb6f ../../LUFA/Drivers/USB/Class/Device/MassStorage.o
 .debug_abbrev  0x00000000      0x2e8 ../../LUFA/Drivers/USB/Class/Device/MassStorage.o
 .debug_loc     0x00000000      0x3c2 ../../LUFA/Drivers/USB/Class/Device/MassStorage.o
 .debug_aranges
                0x00000000       0x38 ../../LUFA/Drivers/USB/Class/Device/MassStorage.o
 .debug_ranges  0x00000000       0x58 ../../LUFA/Drivers/USB/Class/Device/MassStorage.o
 .debug_line    0x00000000      0xb10 ../../LUFA/Drivers/USB/Class/Device/MassStorage.o
 .debug_str     0x00000000      0x892 ../../LUFA/Drivers/USB/Class/Device/MassStorage.o
 .comment       0x00000000       0x25 ../../LUFA/Drivers/USB/Class/Device/MassStorage.o
 .debug_frame   0x00000000       0x7c ../../LUFA/Drivers/USB/Class/Device/MassStorage.o
 .text          0x00000000        0x0 ../../LUFA/Drivers/USB/Class/Device/MIDI.o
 .data          0x00000000        0x0 ../../LUFA/Drivers/USB/Class/Device/MIDI.o
 .bss           0x00000000        0x0 ../../LUFA/Drivers/USB/Class/Device/MIDI.o
 .text.MIDI_Device_ConfigureEndpoints
                0x00000000       0x6a ../../LUFA/Drivers/USB/Class/Device/MIDI.o
 .text.MIDI_Device_SendEventPacket
                0x00000000       0x48 ../../LUFA/Drivers/USB/Class/Device/MIDI.o
 .text.MIDI_Device_Flush
                0x00000000       0x28 ../../LUFA/Drivers/USB/Class/Device/MIDI.o
 .text.MIDI_Device_ReceiveEventPacket
                0x00000000       0x3e ../../LUFA/Drivers/USB/Class/Device/MIDI.o
 .debug_info    0x00000000      0x7f3 ../../LUFA/Drivers/USB/Class/Device/MIDI.o
 .debug_abbrev  0x00000000      0x269 ../../LUFA/Drivers/USB/Class/Device/MIDI.o
 .debug_loc     0x00000000      0x3c0 ../../LUFA/Drivers/USB/Class/Device/MIDI.o
 .debug_aranges
                0x00000000       0x38 ../../LUFA/Drivers/USB/Class/Device/MIDI.o
 .debug_ranges  0x00000000       0x40 ../../LUFA/Drivers/USB/Class/Device/MIDI.o
 .debug_line    0x00000000      0x663 ../../LUFA/Drivers/USB/Class/Device/MIDI.o
 .debug_str     0x00000000      0x7e3 ../../LUFA/Drivers/USB/Class/Device/MIDI.o
 .comment       0x00000000       0x25 ../../LUFA/Drivers/USB/Class/Device/MIDI.o
 .debug_frame   0x00000000       0x68 ../../LUFA/Drivers/USB/Class/Device/MIDI.o
 .text          0x00000000        0x0 ../../LUFA/Drivers/USB/Class/Device/RNDIS.o
 .data          0x00000000        0x0 ../../LUFA/Drivers/USB/Class/Device/RNDIS.o
 .bss           0x00000000        0x0 ../../LUFA/Drivers/USB/Class/Device/RNDIS.o
 .text.RNDIS_Device_ProcessControlRequest
                0x00000000      0x474 ../../LUFA/Drivers/USB/Class/Device/RNDIS.o
 .jumptables.gcc.RNDIS_Device_ProcessControlRequest
                0x00000000       0x28 ../../LUFA/Drivers/USB/Class/Device/RNDIS.o
 .text.RNDIS_Device_ConfigureEndpoints
                0x00000000       0x9a ../../LUFA/Drivers/USB/Class/Device/RNDIS.o
 .rodata        0x00000000        0x8 ../../LUFA/Drivers/USB/Class/Device/RNDIS.o
 .text.RNDIS_Device_USBTask
                0x00000000      0x1d6 ../../LUFA/Drivers/USB/Class/Device/RNDIS.o
 .progmem.data  0x00000000       0x6c ../../LUFA/Drivers/USB/Class/Device/RNDIS.o
 .debug_info    0x00000000     0x1338 ../../LUFA/Drivers/USB/Class/Device/RNDIS.o
 .debug_abbrev  0x00000000      0x36f ../../LUFA/Drivers/USB/Class/Device/RNDIS.o
 .debug_loc     0x00000000      0xedf ../../LUFA/Drivers/USB/Class/Device/RNDIS.o
 .debug_aranges
                0x00000000       0x30 ../../LUFA/Drivers/USB/Class/Device/RNDIS.o
 .debug_ranges  0x00000000       0xa8 ../../LUFA/Drivers/USB/Class/Device/RNDIS.o
 .debug_line    0x00000000      0xf03 ../../LUFA/Drivers/USB/Class/Device/RNDIS.o
 .debug_str     0x00000000      0xc94 ../../LUFA/Drivers/USB/Class/Device/RNDIS.o
 .comment       0x00000000       0x25 ../../LUFA/Drivers/USB/Class/Device/RNDIS.o
 .debug_frame   0x00000000       0x90 ../../LUFA/Drivers/USB/Class/Device/RNDIS.o
 .text          0x00000000        0x0 ../../LUFA/Drivers/USB/Class/Host/CDC.o
 .data          0x00000000        0x0 ../../LUFA/Drivers/USB/Class/Host/CDC.o
 .bss           0x00000000        0x0 ../../LUFA/Drivers/USB/Class/Host/CDC.o
 .debug_line    0x00000000        0x0 ../../LUFA/Drivers/USB/Class/Host/CDC.o
 .debug_str     0x00000000      0x147 ../../LUFA/Drivers/USB/Class/Host/CDC.o
 .comment       0x00000000       0x25 ../../LUFA/Drivers/USB/Class/Host/CDC.o
 .text          0x00000000        0x0 ../../LUFA/Drivers/USB/Class/Host/HID.o
 .data          0x00000000        0x0 ../../LUFA/Drivers/USB/Class/Host/HID.o
 .bss           0x00000000        0x0 ../../LUFA/Drivers/USB/Class/Host/HID.o
 .debug_line    0x00000000        0x0 ../../LUFA/Drivers/USB/Class/Host/HID.o
 .debug_str     0x00000000      0x147 ../../LUFA/Drivers/USB/Class/Host/HID.o
 .comment       0x00000000       0x25 ../../LUFA/Drivers/USB/Class/Host/HID.o
 .text          0x00000000        0x0 ../../LUFA/Drivers/USB/Class/Host/MassStorage.o
 .data          0x00000000        0x0 ../../LUFA/Drivers/USB/Class/Host/MassStorage.o
 .bss           0x00000000        0x0 ../../LUFA/Drivers/USB/Class/Host/MassStorage.o
 .debug_line    0x00000000        0x0 ../../LUFA/Drivers/USB/Class/Host/MassStorage.o
 .debug_str     0x00000000      0x14f ../../LUFA/Drivers/USB/Class/Host/MassStorage.o
 .comment       0x00000000       0x25 ../../LUFA/Drivers/USB/Class/Host/MassStorage.o
 .text          0x00000000        0x0 ../../LUFA/Drivers/USB/Class/Host/MIDI.o
 .data          0x00000000        0x0 ../../LUFA/Drivers/USB/Class/Host/MIDI.o
 .bss           0x00000000        0x0 ../../LUFA/Drivers/USB/Class/Host/MIDI.o
 .debug_line    0x00000000        0x0 ../../LUFA/Drivers/USB/Class/Host/MIDI.o
 .debug_str     0x00000000      0x148 ../../LUFA/Drivers/USB/Class/Host/MIDI.o
 .comment       0x00000000       0x25 ../../LUFA/Drivers/USB/Class/Host/MIDI.o
 .text          0x00000000        0x0 ../../LUFA/Drivers/USB/Class/Host/Printer.o
 .data          0x00000000        0x0 ../../LUFA/Drivers/USB/Class/Host/Printer.o
 .bss           0x00000000        0x0 ../../LUFA/Drivers/USB/Class/Host/Printer.o
 .debug_line    0x00000000        0x0 ../../LUFA/Drivers/USB/Class/Host/Printer.o
 .debug_str     0x00000000      0x14b ../../LUFA/Drivers/USB/Class/Host/Printer.o
 .comment       0x00000000       0x25 ../../LUFA/Drivers/USB/Class/Host/Printer.o
 .text          0x00000000        0x0 ../../LUFA/Drivers/USB/Class/Host/RNDIS.o
 .data          0x00000000        0x0 ../../LUFA/Drivers/USB/Class/Host/RNDIS.o
 .bss           0x00000000        0x0 ../../LUFA/Drivers/USB/Class/Host/RNDIS.o
 .debug_line    0x00000000        0x0 ../../LUFA/Drivers/USB/Class/Host/RNDIS.o
 .debug_str     0x00000000      0x149 ../../LUFA/Drivers/USB/Class/Host/RNDIS.o
 .comment       0x00000000       0x25 ../../LUFA/Drivers/USB/Class/Host/RNDIS.o
 .text          0x00000000        0x0 ../../LUFA/Drivers/USB/Class/Host/StillImage.o
 .data          0x00000000        0x0 ../../LUFA/Drivers/USB/Class/Host/StillImage.o
 .bss           0x00000000        0x0 ../../LUFA/Drivers/USB/Class/Host/StillImage.o
 .debug_line    0x00000000        0x0 ../../LUFA/Drivers/USB/Class/Host/StillImage.o
 .debug_str     0x00000000      0x14e ../../LUFA/Drivers/USB/Class/Host/StillImage.o
 .comment       0x00000000       0x25 ../../LUFA/Drivers/USB/Class/Host/StillImage.o
 .text          0x00000000        0x0 /usr/local/Cellar/avr-gcc@9/9.4.0/lib/avr-gcc/9/gcc/avr/9.4.0/avr35/libgcc.a(_udivmodsi4.o)
 .data          0x00000000        0x0 /usr/local/Cellar/avr-gcc@9/9.4.0/lib/avr-gcc/9/gcc/avr/9.4.0/avr35/libgcc.a(_udivmodsi4.o)
 .bss           0x00000000        0x0 /usr/local/Cellar/avr-gcc@9/9.4.0/lib/avr-gcc/9/gcc/avr/9.4.0/avr35/libgcc.a(_udivmodsi4.o)
 .text.libgcc.mul
                0x00000000        0x0 /usr/local/Cellar/avr-gcc@9/9.4.0/lib/avr-gcc/9/gcc/avr/9.4.0/avr35/libgcc.a(_udivmodsi4.o)
 .text.libgcc   0x00000000        0x0 /usr/local/Cellar/avr-gcc@9/9.4.0/lib/avr-gcc/9/gcc/avr/9.4.0/avr35/libgcc.a(_udivmodsi4.o)
 .text.libgcc.prologue
                0x00000000        0x0 /usr/local/Cellar/avr-gcc@9/9.4.0/lib/avr-gcc/9/gcc/avr/9.4.0/avr35/libgcc.a(_udivmodsi4.o)
 .text.libgcc.builtins
                0x00000000        0x0 /usr/local/Cellar/avr-gcc@9/9.4.0/lib/avr-gcc/9/gcc/avr/9.4.0/avr35/libgcc.a(_udivmodsi4.o)
 .text.libgcc.fmul
                0x00000000        0x0 /usr/local/Cellar/avr-gcc@9/9.4.0/lib/avr-gcc/9/gcc/avr/9.4.0/avr35/libgcc.a(_udivmodsi4.o)
 .text.libgcc.fixed
                0x00000000        0x0 /usr/local/Cellar/avr-gcc@9/9.4.0/lib/avr-gcc/9/gcc/avr/9.4.0/avr35/libgcc.a(_udivmodsi4.o)
 .text          0x00000000        0x0 /usr/local/Cellar/avr-gcc@9/9.4.0/lib/avr-gcc/9/gcc/avr/9.4.0/avr35/libgcc.a(_exit.o)
 .data          0x00000000        0x0 /usr/local/Cellar/avr-gcc@9/9.4.0/lib/avr-gcc/9/gcc/avr/9.4.0/avr35/libgcc.a(_exit.o)
 .bss           0x00000000        0x0 /usr/local/Cellar/avr-gcc@9/9.4.0/lib/avr-gcc/9/gcc/avr/9.4.0/avr35/libgcc.a(_exit.o)
 .text.libgcc.mul
                0x00000000        0x0 /usr/local/Cellar/avr-gcc@9/9.4.0/lib/avr-gcc/9/gcc/avr/9.4.0/avr35/libgcc.a(_exit.o)
 .text.libgcc.div
                0x00000000        0x0 /usr/local/Cellar/avr-gcc@9/9.4.0/lib/avr-gcc/9/gcc/avr/9.4.0/avr35/libgcc.a(_exit.o)
 .text.libgcc   0x00000000        0x0 /usr/local/Cellar/avr-gcc@9/9.4.0/lib/avr-gcc/9/gcc/avr/9.4.0/avr35/libgcc.a(_exit.o)
 .text.libgcc.prologue
                0x00000000        0x0 /usr/local/Cellar/avr-gcc@9/9.4.0/lib/avr-gcc/9/gcc/avr/9.4.0/avr35/libgcc.a(_exit.o)
 .text.libgcc.builtins
                0x00000000        0x0 /usr/local/Cellar/avr-gcc@9/9.4.0/lib/avr-gcc/9/gcc/avr/9.4.0/avr35/libgcc.a(_exit.o)
 .text.libgcc.fmul
                0x00000000        0x0 /usr/local/Cellar/avr-gcc@9/9.4.0/lib/avr-gcc/9/gcc/avr/9.4.0/avr35/libgcc.a(_exit.o)
 .text.libgcc.fixed
                0x00000000        0x0 /usr/local/Cellar/avr-gcc@9/9.4.0/lib/avr-gcc/9/gcc/avr/9.4.0/avr35/libgcc.a(_exit.o)
 .text          0x00000000        0x0 /usr/local/Cellar/avr-gcc@9/9.4.0/lib/avr-gcc/9/gcc/avr/9.4.0/avr35/libgcc.a(_tablejump2.o)
 .data          0x00000000        0x0 /usr/local/Cellar/avr-gcc@9/9.4.0/lib/avr-gcc/9/gcc/avr/9.4.0/avr35/libgcc.a(_tablejump2.o)
 .bss           0x00000000        0x0 /usr/local/Cellar/avr-gcc@9/9.4.0/lib/avr-gcc/9/gcc/avr/9.4.0/avr35/libgcc.a(_tablejump2.o)
 .text.libgcc.mul
                0x00000000        0x0 /usr/local/Cellar/avr-gcc@9/9.4.0/lib/avr-gcc/9/gcc/avr/9.4.0/avr35/libgcc.a(_tablejump2.o)
 .text.libgcc.div
                0x00000000        0x0 /usr/local/Cellar/avr-gcc@9/9.4.0/lib/avr-gcc/9/gcc/avr/9.4.0/avr35/libgcc.a(_tablejump2.o)
 .text.libgcc.prologue
                0x00000000        0x0 /usr/local/Cellar/avr-gcc@9/9.4.0/lib/avr-gcc/9/gcc/avr/9.4.0/avr35/libgcc.a(_tablejump2.o)
 .text.libgcc.builtins
                0x00000000        0x0 /usr/local/Cellar/avr-gcc@9/9.4.0/lib/avr-gcc/9/gcc/avr/9.4.0/avr35/libgcc.a(_tablejump2.o)
 .text.libgcc.fmul
                0x00000000        0x0 /usr/local/Cellar/avr-gcc@9/9.4.0/lib/avr-gcc/9/gcc/avr/9.4.0/avr35/libgcc.a(_tablejump2.o)
 .text.libgcc.fixed
                0x00000000        0x0 /usr/local/Cellar/avr-gcc@9/9.4.0/lib/avr-gcc/9/gcc/avr/9.4.0/avr35/libgcc.a(_tablejump2.o)
 .text          0x00000000        0x0 /usr/local/Cellar/avr-gcc@9/9.4.0/lib/avr-gcc/9/gcc/avr/9.4.0/avr35/libgcc.a(_copy_data.o)
 .data          0x00000000        0x0 /usr/local/Cellar/avr-gcc@9/9.4.0/lib/avr-gcc/9/gcc/avr/9.4.0/avr35/libgcc.a(_copy_data.o)
 .bss           0x00000000        0x0 /usr/local/Cellar/avr-gcc@9/9.4.0/lib/avr-gcc/9/gcc/avr/9.4.0/avr35/libgcc.a(_copy_data.o)
 .text.libgcc.mul
                0x00000000        0x0 /usr/local/Cellar/avr-gcc@9/9.4.0/lib/avr-gcc/9/gcc/avr/9.4.0/avr35/libgcc.a(_copy_data.o)
 .text.libgcc.div
                0x00000000        0x0 /usr/local/Cellar/avr-gcc@9/9.4.0/lib/avr-gcc/9/gcc/avr/9.4.0/avr35/libgcc.a(_copy_data.o)
 .text.libgcc   0x00000000        0x0 /usr/local/Cellar/avr-gcc@9/9.4.0/lib/avr-gcc/9/gcc/avr/9.4.0/avr35/libgcc.a(_copy_data.o)
 .text.libgcc.prologue
                0x00000000        0x0 /usr/local/Cellar/avr-gcc@9/9.4.0/lib/avr-gcc/9/gcc/avr/9.4.0/avr35/libgcc.a(_copy_data.o)
 .text.libgcc.builtins
                0x00000000        0x0 /usr/local/Cellar/avr-gcc@9/9.4.0/lib/avr-gcc/9/gcc/avr/9.4.0/avr35/libgcc.a(_copy_data.o)
 .text.libgcc.fmul
                0x00000000        0x0 /usr/local/Cellar/avr-gcc@9/9.4.0/lib/avr-gcc/9/gcc/avr/9.4.0/avr35/libgcc.a(_copy_data.o)
 .text.libgcc.fixed
                0x00000000        0x0 /usr/local/Cellar/avr-gcc@9/9.4.0/lib/avr-gcc/9/gcc/avr/9.4.0/avr35/libgcc.a(_copy_data.o)
 .text          0x00000000        0x0 /usr/local/Cellar/avr-gcc@9/9.4.0/lib/avr-gcc/9/gcc/avr/9.4.0/avr35/libgcc.a(_clear_bss.o)
 .data          0x00000000        0x0 /usr/local/Cellar/avr-gcc@9/9.4.0/lib/avr-gcc/9/gcc/avr/9.4.0/avr35/libgcc.a(_clear_bss.o)
 .bss           0x00000000        0x0 /usr/local/Cellar/avr-gcc@9/9.4.0/lib/avr-gcc/9/gcc/avr/9.4.0/avr35/libgcc.a(_clear_bss.o)
 .text.libgcc.mul
                0x00000000        0x0 /usr/local/Cellar/avr-gcc@9/9.4.0/lib/avr-gcc/9/gcc/avr/9.4.0/avr35/libgcc.a(_clear_bss.o)
 .text.libgcc.div
                0x00000000        0x0 /usr/local/Cellar/avr-gcc@9/9.4.0/lib/avr-gcc/9/gcc/avr/9.4.0/avr35/libgcc.a(_clear_bss.o)
 .text.libgcc   0x00000000        0x0 /usr/local/Cellar/avr-gcc@9/9.4.0/lib/avr-gcc/9/gcc/avr/9.4.0/avr35/libgcc.a(_clear_bss.o)
 .text.libgcc.prologue
                0x00000000        0x0 /usr/local/Cellar/avr-gcc@9/9.4.0/lib/avr-gcc/9/gcc/avr/9.4.0/avr35/libgcc.a(_clear_bss.o)
 .text.libgcc.builtins
                0x00000000        0x0 /usr/local/Cellar/avr-gcc@9/9.4.0/lib/avr-gcc/9/gcc/avr/9.4.0/avr35/libgcc.a(_clear_bss.o)
 .text.libgcc.fmul
                0x00000000        0x0 /usr/local/Cellar/avr-gcc@9/9.4.0/lib/avr-gcc/9/gcc/avr/9.4.0/avr35/libgcc.a(_clear_bss.o)
 .text.libgcc.fixed
                0x00000000        0x0 /usr/local/Cellar/avr-gcc@9/9.4.0/lib/avr-gcc/9/gcc/avr/9.4.0/avr35/libgcc.a(_clear_bss.o)
 .text          0x00000000        0x0 /usr/local/Cellar/avr-gcc@9/9.4.0/lib/avr-gcc/9/gcc/avr/9.4.0/../../../../../../avr/lib/avr35/libc.a(memcpy_P.o)
 .data          0x00000000        0x0 /usr/local/Cellar/avr-gcc@9/9.4.0/lib/avr-gcc/9/gcc/avr/9.4.0/../../../../../../avr/lib/avr35/libc.a(memcpy_P.o)
 .bss           0x00000000        0x0 /usr/local/Cellar/avr-gcc@9/9.4.0/lib/avr-gcc/9/gcc/avr/9.4.0/../../../../../../avr/lib/avr35/libc.a(memcpy_P.o)
 .text.avr-libc
                0x00000000       0x12 /usr/local/Cellar/avr-gcc@9/9.4.0/lib/avr-gcc/9/gcc/avr/9.4.0/../../../../../../avr/lib/avr35/libc.a(memcpy_P.o)
 .text          0x00000000        0x0 /usr/local/Cellar/avr-gcc@9/9.4.0/lib/avr-gcc/9/gcc/avr/9.4.0/../../../../../../avr/lib/avr35/libc.a(memcmp.o)
 .data          0x00000000        0x0 /usr/local/Cellar/avr-gcc@9/9.4.0/lib/avr-gcc/9/gcc/avr/9.4.0/../../../../../../avr/lib/avr35/libc.a(memcmp.o)
 .bss           0x00000000        0x0 /usr/local/Cellar/avr-gcc@9/9.4.0/lib/avr-gcc/9/gcc/avr/9.4.0/../../../../../../avr/lib/avr35/libc.a(memcmp.o)
 .text.avr-libc
                0x00000000       0x1a /usr/local/Cellar/avr-gcc@9/9.4.0/lib/avr-gcc/9/gcc/avr/9.4.0/../../../../../../avr/lib/avr35/libc.a(memcmp.o)
 .text          0x00000000        0x0 /usr/local/Cellar/avr-gcc@9/9.4.0/lib/avr-gcc/9/gcc/avr/9.4.0/../../../../../../avr/lib/avr35/libc.a(memcpy.o)
 .data          0x00000000        0x0 /usr/local/Cellar/avr-gcc@9/9.4.0/lib/avr-gcc/9/gcc/avr/9.4.0/../../../../../../avr/lib/avr35/libc.a(memcpy.o)
 .bss           0x00000000        0x0 /usr/local/Cellar/avr-gcc@9/9.4.0/lib/avr-gcc/9/gcc/avr/9.4.0/../../../../../../avr/lib/avr35/libc.a(memcpy.o)
 .text.avr-libc
                0x00000000       0x12 /usr/local/Cellar/avr-gcc@9/9.4.0/lib/avr-gcc/9/gcc/avr/9.4.0/../../../../../../avr/lib/avr35/libc.a(memcpy.o)
 .text          0x00000000        0x0 /usr/local/Cellar/avr-gcc@9/9.4.0/lib/avr-gcc/9/gcc/avr/9.4.0/../../../../../../avr/lib/avr35/libc.a(memset.o)
 .data          0x00000000        0x0 /usr/local/Cellar/avr-gcc@9/9.4.0/lib/avr-gcc/9/gcc/avr/9.4.0/../../../../../../avr/lib/avr35/libc.a(memset.o)
 .bss           0x00000000        0x0 /usr/local/Cellar/avr-gcc@9/9.4.0/lib/avr-gcc/9/gcc/avr/9.4.0/../../../../../../avr/lib/avr35/libc.a(memset.o)
 .text.avr-libc
                0x00000000        0xe /usr/local/Cellar/avr-gcc@9/9.4.0/lib/avr-gcc/9/gcc/avr/9.4.0/../../../../../../avr/lib/avr35/libc.a(memset.o)
 .text          0x00000000        0x0 /usr/local/Cellar/avr-gcc@9/9.4.0/lib/avr-gcc/9/gcc/avr/9.4.0/../../../../../../avr/lib/avr35/libatmega16u2.a(eerd_byte.o)
 .data          0x00000000        0x0 /usr/local/Cellar/avr-gcc@9/9.4.0/lib/avr-gcc/9/gcc/avr/9.4.0/../../../../../../avr/lib/avr35/libatmega16u2.a(eerd_byte.o)
 .bss           0x00000000        0x0 /usr/local/Cellar/avr-gcc@9/9.4.0/lib/avr-gcc/9/gcc/avr/9.4.0/../../../../../../avr/lib/avr35/libatmega16u2.a(eerd_byte.o)
 .text.avr-libc
                0x00000000       0x10 /usr/local/Cellar/avr-gcc@9/9.4.0/lib/avr-gcc/9/gcc/avr/9.4.0/../../../../../../avr/lib/avr35/libatmega16u2.a(eerd_byte.o)
 .text          0x00000000        0x0 /usr/local/Cellar/avr-gcc@9/9.4.0/lib/avr-gcc/9/gcc/avr/9.4.0/../../../../../../avr/lib/avr35/libatmega16u2.a(eeupd_byte.o)
 .data          0x00000000        0x0 /usr/local/Cellar/avr-gcc@9/9.4.0/lib/avr-gcc/9/gcc/avr/9.4.0/../../../../../../avr/lib/avr35/libatmega16u2.a(eeupd_byte.o)
 .bss           0x00000000        0x0 /usr/local/Cellar/avr-gcc@9/9.4.0/lib/avr-gcc/9/gcc/avr/9.4.0/../../../../../../avr/lib/avr35/libatmega16u2.a(eeupd_byte.o)
 .text.avr-libc
                0x00000000       0x24 /usr/local/Cellar/avr-gcc@9/9.4.0/lib/avr-gcc/9/gcc/avr/9.4.0/../../../../../../avr/lib/avr35/libatmega16u2.a(eeupd_byte.o)

Memory Configuration

Name             Origin             Length             Attributes
text             0x00000000         0x00010000         xr
data             0x00800060         0x0000ffa0         rw!x
eeprom           0x00810000         0x00010000         rw!x
fuse             0x00820000         0x00000003         rw!x
lock             0x00830000         0x00000400         rw!x
signature        0x00840000         0x00000400         rw!x
user_signatures  0x00850000         0x00000400         rw!x
*default*        0x00000000         0xffffffff

Linker script and memory map

Address of section .data set to 0x800100
LOAD /usr/local/Cellar/avr-gcc@9/9.4.0/lib/avr-gcc/9/gcc/avr/9.4.0/../../../../../../avr/lib/avr35/crtatmega16u2.o
LOAD Arduino-usbserial.o
LOAD Descriptors.o
LOAD ../../LUFA/Drivers/USB/LowLevel/Device.o
LOAD ../../LUFA/Drivers/USB/LowLevel/Endpoint.o
LOAD ../../LUFA/Drivers/USB/LowLevel/Host.o
LOAD ../../LUFA/Drivers/USB/LowLevel/Pipe.o
LOAD ../../LUFA/Drivers/USB/LowLevel/USBController.o
LOAD ../../LUFA/Drivers/USB/LowLevel/USBInterrupt.o
LOAD ../../LUFA/Drivers/USB/HighLevel/ConfigDescriptor.o
LOAD ../../LUFA/Drivers/USB/HighLevel/DeviceStandardReq.o
LOAD ../../LUFA/Drivers/USB/HighLevel/Events.o
LOAD ../../LUFA/Drivers/USB/HighLevel/HostStandardReq.o
LOAD ../../LUFA/Drivers/USB/HighLevel/USBTask.o
LOAD ../../LUFA/Drivers/USB/Class/Host/HIDParser.o
LOAD ../../LUFA/Drivers/USB/Class/Device/Audio.o
LOAD ../../LUFA/Drivers/USB/Class/Device/CDC.o
LOAD ../../LUFA/Drivers/USB/Class/Device/HID.o
LOAD ../../LUFA/Drivers/USB/Class/Device/MassStorage.o
LOAD ../../LUFA/Drivers/USB/Class/Device/MIDI.o
LOAD ../../LUFA/Drivers/USB/Class/Device/RNDIS.o
LOAD ../../LUFA/Drivers/USB/Class/Host/CDC.o
LOAD ../../LUFA/Drivers/USB/Class/Host/HID.o
LOAD ../../LUFA/Drivers/USB/Class/Host/MassStorage.o
LOAD ../../LUFA/Drivers/USB/Class/Host/MIDI.o
LOAD ../../LUFA/Drivers/USB/Class/Host/Printer.o
LOAD ../../LUFA/Drivers/USB/Class/Host/RNDIS.o
LOAD ../../LUFA/Drivers/USB/Class/Host/StillImage.o
LOAD /usr/local/Cellar/avr-gcc@9/9.4.0/lib/avr-gcc/9/gcc/avr/9.4.0/../../../../../../avr/lib/avr35/libm.a
START GROUP
LOAD /usr/local/Cellar/avr-gcc@9/9.4.0/lib/avr-gcc/9/gcc/avr/9.4.0/avr35/libgcc.a
LOAD /usr/local/Cellar/avr-gcc@9/9.4.0/lib/avr-gcc/9/gcc/avr/9.4.0/../../../../../../avr/lib/avr35/libm.a
LOAD /usr/local/Cellar/avr-gcc@9/9.4.0/lib/avr-gcc/9/gcc/avr/9.4.0/../../../../../../avr/lib/avr35/libc.a
LOAD /usr/local/Cellar/avr-gcc@9/9.4.0/lib/avr-gcc/9/gcc/avr/9.4.0/../../../../../../avr/lib/avr35/libatmega16u2.a
END GROUP
                0x00010000                        __TEXT_REGION_LENGTH__ = DEFINED (__TEXT_REGION_LENGTH__)?__TEXT_REGION_LENGTH__:0x10000
                0x00800060                        __DATA_REGION_ORIGIN__ = DEFINED (__DATA_REGION_ORIGIN__)?__DATA_REGION_ORIGIN__:0x800060
                0x0000ffa0                        __DATA_REGION_LENGTH__ = DEFINED (__DATA_REGION_LENGTH__)?__DATA_REGION_LENGTH__:0xffa0
                0x00010000                        __EEPROM_REGION_LENGTH__ = DEFINED (__EEPROM_REGION_LENGTH__)?__EEPROM_REGION_LENGTH__:0x10000
                [0x00000003]                      __FUSE_REGION_LENGTH__ = DEFINED (__FUSE_REGION_LENGTH__)?__FUSE_REGION_LENGTH__:0x400
                0x00000400                        __LOCK_REGION_LENGTH__ = DEFINED (__LOCK_REGION_LENGTH__)?__LOCK_REGION_LENGTH__:0x400
                0x00000400                        __SIGNATURE_REGION_LENGTH__ = DEFINED (__SIGNATURE_REGION_LENGTH__)?__SIGNATURE_REGION_LENGTH__:0x400
                0x00000400                        __USER_SIGNATURE_REGION_LENGTH__ = DEFINED (__USER_SIGNATURE_REGION_LENGTH__)?__USER_SIGNATURE_REGION_LENGTH__:0x400

.hash
 *(.hash)

.dynsym
 *(.dynsym)

.dynstr
 *(.dynstr)

.gnu.version
 *(.gnu.version)

.gnu.version_d
 *(.gnu.version_d)

.gnu.version_r
 *(.gnu.version_r)

.rel.init
 *(.rel.init)

.rela.init
 *(.rela.init)

.rel.text
 *(.rel.text)
 *(.rel.text.*)
 *(.rel.gnu.linkonce.t*)

.rela.text
 *(.rela.text)
 *(.rela.text.*)
 *(.rela.gnu.linkonce.t*)

.rel.fini
 *(.rel.fini)

.rela.fini
 *(.rela.fini)

.rel.rodata
 *(.rel.rodata)
 *(.rel.rodata.*)
 *(.rel.gnu.linkonce.r*)

.rela.rodata
 *(.rela.rodata)
 *(.rela.rodata.*)
 *(.rela.gnu.linkonce.r*)

.rel.data
 *(.rel.data)
 *(.rel.data.*)
 *(.rel.gnu.linkonce.d*)

.rela.data
 *(.rela.data)
 *(.rela.data.*)
 *(.rela.gnu.linkonce.d*)

.rel.ctors
 *(.rel.ctors)

.rela.ctors
 *(.rela.ctors)

.rel.dtors
 *(.rel.dtors)

.rela.dtors
 *(.rela.dtors)

.rel.got
 *(.rel.got)

.rela.got
 *(.rela.got)

.rel.bss
 *(.rel.bss)

.rela.bss
 *(.rela.bss)

.rel.plt
 *(.rel.plt)

.rela.plt
 *(.rela.plt)

.text           0x00000000      0xf8e
 *(.vectors)
 .vectors       0x00000000       0x74 /usr/local/Cellar/avr-gcc@9/9.4.0/lib/avr-gcc/9/gcc/avr/9.4.0/../../../../../../avr/lib/avr35/crtatmega16u2.o
                0x00000000                __vectors
                0x00000000                __vector_default
 *(.vectors)
 *(.progmem.gcc*)
                0x00000074                        . = ALIGN (0x2)
                0x00000074                        __trampolines_start = .
 *(.trampolines)
 .trampolines   0x00000074        0x0 linker stubs
 *(.trampolines*)
                0x00000074                        __trampolines_end = .
 *libprintf_flt.a:*(.progmem.data)
 *libc.a:*(.progmem.data)
 *(.progmem.*)
 .progmem.data  0x00000074       0xae Descriptors.o
                0x00000074                ProductString
                0x0000009a                ManufacturerString
                0x000000ce                LanguageString
                0x000000d2                ConfigurationDescriptor
                0x00000110                DeviceDescriptor
                0x00000122                        . = ALIGN (0x2)
 *(.lowtext)
 *(.lowtext*)
                0x00000122                        __ctors_start = .
 *(.ctors)
                0x00000122                        __ctors_end = .
                0x00000122                        __dtors_start = .
 *(.dtors)
                0x00000122                        __dtors_end = .
 SORT_BY_NAME(*)(.ctors)
 SORT_BY_NAME(*)(.dtors)
 *(.init0)
 .init0         0x00000122        0x0 /usr/local/Cellar/avr-gcc@9/9.4.0/lib/avr-gcc/9/gcc/avr/9.4.0/../../../../../../avr/lib/avr35/crtatmega16u2.o
                0x00000122                __init
 *(.init0)
 *(.init1)
 *(.init1)
 *(.init2)
 .init2         0x00000122        0xc /usr/local/Cellar/avr-gcc@9/9.4.0/lib/avr-gcc/9/gcc/avr/9.4.0/../../../../../../avr/lib/avr35/crtatmega16u2.o
 *(.init2)
 *(.init3)
 *(.init3)
 *(.init4)
 .init4         0x0000012e       0x16 /usr/local/Cellar/avr-gcc@9/9.4.0/lib/avr-gcc/9/gcc/avr/9.4.0/avr35/libgcc.a(_copy_data.o)
                0x0000012e                __do_copy_data
 .init4         0x00000144       0x10 /usr/local/Cellar/avr-gcc@9/9.4.0/lib/avr-gcc/9/gcc/avr/9.4.0/avr35/libgcc.a(_clear_bss.o)
                0x00000144                __do_clear_bss
 *(.init4)
 *(.init5)
 *(.init5)
 *(.init6)
 *(.init6)
 *(.init7)
 *(.init7)
 *(.init8)
 *(.init8)
 *(.init9)
 .init9         0x00000154        0x4 /usr/local/Cellar/avr-gcc@9/9.4.0/lib/avr-gcc/9/gcc/avr/9.4.0/../../../../../../avr/lib/avr35/crtatmega16u2.o
 *(.init9)
 *(.text)
 .text          0x00000158        0x2 /usr/local/Cellar/avr-gcc@9/9.4.0/lib/avr-gcc/9/gcc/avr/9.4.0/../../../../../../avr/lib/avr35/crtatmega16u2.o
                0x00000158                __vector_20
                0x00000158                __vector_28
                0x00000158                __vector_1
                0x00000158                __vector_24
                0x00000158                __bad_interrupt
                0x00000158                __vector_6
                0x00000158                __vector_3
                0x00000158                __vector_25
                0x00000158                __vector_13
                0x00000158                __vector_17
                0x00000158                __vector_19
                0x00000158                __vector_7
                0x00000158                __vector_27
                0x00000158                __vector_5
                0x00000158                __vector_4
                0x00000158                __vector_9
                0x00000158                __vector_2
                0x00000158                __vector_21
                0x00000158                __vector_15
                0x00000158                __vector_8
                0x00000158                __vector_26
                0x00000158                __vector_14
                0x00000158                __vector_10
                0x00000158                __vector_16
                0x00000158                __vector_18
                0x00000158                __vector_22
                0x0000015a                        . = ALIGN (0x2)
 *(.text.*)
 .text.RingBuffer_Remove
                0x0000015a       0x3a Arduino-usbserial.o
 .text.SetupHardware
                0x00000194       0x54 Arduino-usbserial.o
                0x00000194                SetupHardware
 .text.startup.main
                0x000001e8      0x12e Arduino-usbserial.o
                0x000001e8                main
 .text.EVENT_USB_Device_ConfigurationChanged
                0x00000316        0x6 Arduino-usbserial.o
                0x00000316                EVENT_USB_Device_ConfigurationChanged
 .text.EVENT_USB_Device_UnhandledControlRequest
                0x0000031c        0x6 Arduino-usbserial.o
                0x0000031c                EVENT_USB_Device_UnhandledControlRequest
 .text.EVENT_CDC_Device_LineEncodingChanged
                0x00000322      0x10c Arduino-usbserial.o
                0x00000322                EVENT_CDC_Device_LineEncodingChanged
 .text.__vector_23
                0x0000042e       0x68 Arduino-usbserial.o
                0x0000042e                __vector_23
 .text.EVENT_CDC_Device_ControLineStateChanged
                0x00000496       0x10 Arduino-usbserial.o
                0x00000496                EVENT_CDC_Device_ControLineStateChanged
 .text.CALLBACK_USB_GetDescriptor
                0x000004a6       0x62 Descriptors.o
                0x000004a6                CALLBACK_USB_GetDescriptor
 .text.Endpoint_BytesToEPSizeMaskDynamic
                0x00000508       0x1c ../../LUFA/Drivers/USB/LowLevel/Endpoint.o
                0x00000508                Endpoint_BytesToEPSizeMaskDynamic
 .text.Endpoint_ConfigureEndpoint_Prv
                0x00000524       0x26 ../../LUFA/Drivers/USB/LowLevel/Endpoint.o
                0x00000524                Endpoint_ConfigureEndpoint_Prv
 .text.Endpoint_ClearEndpoints
                0x0000054a       0x28 ../../LUFA/Drivers/USB/LowLevel/Endpoint.o
                0x0000054a                Endpoint_ClearEndpoints
 .text.Endpoint_ClearStatusStage
                0x00000572       0x3a ../../LUFA/Drivers/USB/LowLevel/Endpoint.o
                0x00000572                Endpoint_ClearStatusStage
 .text.Endpoint_WaitUntilReady
                0x000005ac       0x5c ../../LUFA/Drivers/USB/LowLevel/Endpoint.o
                0x000005ac                Endpoint_WaitUntilReady
 .text.Endpoint_Write_Control_Stream_LE
                0x00000608       0xaa ../../LUFA/Drivers/USB/LowLevel/Endpoint.o
                0x00000608                Endpoint_Write_Control_Stream_LE
 .text.Endpoint_Write_Control_PStream_LE
                0x000006b2       0xac ../../LUFA/Drivers/USB/LowLevel/Endpoint.o
                0x000006b2                Endpoint_Write_Control_PStream_LE
 .text.Endpoint_Read_Control_Stream_LE
                0x0000075e       0x70 ../../LUFA/Drivers/USB/LowLevel/Endpoint.o
                0x0000075e                Endpoint_Read_Control_Stream_LE
 .text.USB_ResetInterface
                0x000007ce       0x7c ../../LUFA/Drivers/USB/LowLevel/USBController.o
                0x000007ce                USB_ResetInterface
 .text.USB_Init
                0x0000084a        0xa ../../LUFA/Drivers/USB/LowLevel/USBController.o
                0x0000084a                USB_Init
 .text.USB_INT_DisableAllInterrupts
                0x00000854        0x6 ../../LUFA/Drivers/USB/LowLevel/USBInterrupt.o
                0x00000854                USB_INT_DisableAllInterrupts
 .text.USB_INT_ClearAllInterrupts
                0x0000085a        0x6 ../../LUFA/Drivers/USB/LowLevel/USBInterrupt.o
                0x0000085a                USB_INT_ClearAllInterrupts
 .text.__vector_11
                0x00000860      0x14e ../../LUFA/Drivers/USB/LowLevel/USBInterrupt.o
                0x00000860                __vector_11
 .text.__vector_12
                0x000009ae       0x82 ../../LUFA/Drivers/USB/LowLevel/USBInterrupt.o
                0x000009ae                __vector_12
 .text.USB_Device_ProcessControlRequest
                0x00000a30      0x26e ../../LUFA/Drivers/USB/HighLevel/DeviceStandardReq.o
                0x00000a30                USB_Device_ProcessControlRequest
 .text.USB_Event_Stub
                0x00000c9e        0x2 ../../LUFA/Drivers/USB/HighLevel/Events.o
                0x00000c9e                EVENT_USB_Device_Connect
                0x00000c9e                EVENT_USB_Device_WakeUp
                0x00000c9e                USB_Event_Stub
                0x00000c9e                EVENT_USB_Device_Suspend
                0x00000c9e                EVENT_USB_Device_StartOfFrame
                0x00000c9e                EVENT_USB_Device_Disconnect
                0x00000c9e                EVENT_USB_Device_Reset
 .text.USB_USBTask
                0x00000ca0       0x22 ../../LUFA/Drivers/USB/HighLevel/USBTask.o
                0x00000ca0                USB_USBTask
 .text.CDC_Device_Event_Stub
                0x00000cc2        0x2 ../../LUFA/Drivers/USB/Class/Device/CDC.o
                0x00000cc2                EVENT_CDC_Device_BreakSent
                0x00000cc2                CDC_Device_Event_Stub
 .text.CDC_Device_ProcessControlRequest
                0x00000cc4       0xcc ../../LUFA/Drivers/USB/Class/Device/CDC.o
                0x00000cc4                CDC_Device_ProcessControlRequest
 .text.CDC_Device_ConfigureEndpoints
                0x00000d90       0x88 ../../LUFA/Drivers/USB/Class/Device/CDC.o
                0x00000d90                CDC_Device_ConfigureEndpoints
 .text.CDC_Device_SendByte
                0x00000e18       0x4a ../../LUFA/Drivers/USB/Class/Device/CDC.o
                0x00000e18                CDC_Device_SendByte
 .text.CDC_Device_Flush
                0x00000e62       0x52 ../../LUFA/Drivers/USB/Class/Device/CDC.o
                0x00000e62                CDC_Device_Flush
 .text.CDC_Device_USBTask
                0x00000eb4       0x1e ../../LUFA/Drivers/USB/Class/Device/CDC.o
                0x00000eb4                CDC_Device_USBTask
 .text.CDC_Device_ReceiveByte
                0x00000ed2       0x54 ../../LUFA/Drivers/USB/Class/Device/CDC.o
                0x00000ed2                CDC_Device_ReceiveByte
 .text.libgcc.div
                0x00000f26       0x44 /usr/local/Cellar/avr-gcc@9/9.4.0/lib/avr-gcc/9/gcc/avr/9.4.0/avr35/libgcc.a(_udivmodsi4.o)
                0x00000f26                __udivmodsi4
 .text.libgcc   0x00000f6a        0xc /usr/local/Cellar/avr-gcc@9/9.4.0/lib/avr-gcc/9/gcc/avr/9.4.0/avr35/libgcc.a(_tablejump2.o)
                0x00000f6a                __tablejump2__
                0x00000f76                        . = ALIGN (0x2)
 *(.fini9)
 .fini9         0x00000f76        0x0 /usr/local/Cellar/avr-gcc@9/9.4.0/lib/avr-gcc/9/gcc/avr/9.4.0/avr35/libgcc.a(_exit.o)
                0x00000f76                exit
                0x00000f76                _exit
 *(.fini9)
 *(.fini8)
 *(.fini8)
 *(.fini7)
 *(.fini7)
 *(.fini6)
 *(.fini6)
 *(.fini5)
 *(.fini5)
 *(.fini4)
 *(.fini4)
 *(.fini3)
 *(.fini3)
 *(.fini2)
 *(.fini2)
 *(.fini1)
 *(.fini1)
 *(.fini0)
 .fini0         0x00000f76        0x4 /usr/local/Cellar/avr-gcc@9/9.4.0/lib/avr-gcc/9/gcc/avr/9.4.0/avr35/libgcc.a(_exit.o)
 *(.fini0)
 *(.hightext)
 *(.hightext*)
 *(.progmemx.*)
                0x00000f7a                        . = ALIGN (0x2)
 *(.jumptables)
 *(.jumptables*)
 .jumptables.gcc.USB_Device_ProcessControlRequest
                0x00000f7a       0x14 ../../LUFA/Drivers/USB/HighLevel/DeviceStandardReq.o
                0x00000f8e                        _etext = .

.data           0x00800100       0x16 load address 0x00000f8e
                0x00800100                        PROVIDE (__data_start = .)
 *(.data)
 .data          0x00800100       0x16 Arduino-usbserial.o
                0x00800100                VirtualSerial_CDC_Interface
 *(.data*)
 *(.gnu.linkonce.d*)
 *(.rodata)
 *(.rodata*)
 *(.gnu.linkonce.r*)
                0x00800116                        . = ALIGN (0x2)
                0x00800116                        _edata = .
                0x00800116                        PROVIDE (__data_end = .)

.bss            0x00800116      0x119
                0x00800116                        PROVIDE (__bss_start = .)
 *(.bss)
 *(.bss*)
 *(COMMON)
 COMMON         0x00800116      0x10d Arduino-usbserial.o
                0x00800116                PulseMSRemaining
                0x00800119                USARTtoUSB_Buffer
                0x0080019e                USBtoUSART_Buffer
 COMMON         0x00800223        0x3 ../../LUFA/Drivers/USB/HighLevel/DeviceStandardReq.o
                0x00800223                USB_CurrentlySelfPowered
                0x00800224                USB_RemoteWakeupEnabled
                0x00800225                USB_ConfigurationNumber
 COMMON         0x00800226        0x9 ../../LUFA/Drivers/USB/HighLevel/USBTask.o
                0x00800226                USB_IsInitialized
                0x00800227                USB_ControlRequest
                0x0080022f                        PROVIDE (__bss_end = .)
                0x00000f8e                        __data_load_start = LOADADDR (.data)
                0x00000fa4                        __data_load_end = (__data_load_start + SIZEOF (.data))

.noinit         0x0080022f        0x0
                [!provide]                        PROVIDE (__noinit_start = .)
 *(.noinit .noinit.* .gnu.linkonce.n.*)
                [!provide]                        PROVIDE (__noinit_end = .)
                0x0080022f                        _end = .
                [!provide]                        PROVIDE (__heap_start = .)

.eeprom         0x00810000        0x0
 *(.eeprom*)
                0x00810000                        __eeprom_end = .

.fuse
 *(.fuse)
 *(.lfuse)
 *(.hfuse)
 *(.efuse)

.lock
 *(.lock*)

.signature
 *(.signature*)

.stab
 *(.stab)

.stabstr
 *(.stabstr)

.stab.excl
 *(.stab.excl)

.stab.exclstr
 *(.stab.exclstr)

.stab.index
 *(.stab.index)

.stab.indexstr
 *(.stab.indexstr)

.comment        0x00000000       0x24
 *(.comment)
 .comment       0x00000000       0x24 Arduino-usbserial.o
                                 0x25 (size before relaxing)
 .comment       0x00000024       0x25 Descriptors.o
 .comment       0x00000024       0x25 ../../LUFA/Drivers/USB/LowLevel/Endpoint.o
 .comment       0x00000024       0x25 ../../LUFA/Drivers/USB/LowLevel/USBController.o
 .comment       0x00000024       0x25 ../../LUFA/Drivers/USB/LowLevel/USBInterrupt.o
 .comment       0x00000024       0x25 ../../LUFA/Drivers/USB/HighLevel/DeviceStandardReq.o
 .comment       0x00000024       0x25 ../../LUFA/Drivers/USB/HighLevel/Events.o
 .comment       0x00000024       0x25 ../../LUFA/Drivers/USB/HighLevel/USBTask.o
 .comment       0x00000024       0x25 ../../LUFA/Drivers/USB/Class/Device/CDC.o

.note.gnu.avr.deviceinfo
                0x00000000       0x40
 .note.gnu.avr.deviceinfo
                0x00000000       0x40 /usr/local/Cellar/avr-gcc@9/9.4.0/lib/avr-gcc/9/gcc/avr/9.4.0/../../../../../../avr/lib/avr35/crtatmega16u2.o

.note.gnu.build-id
 *(.note.gnu.build-id)

.debug
 *(.debug)

.line
 *(.line)

.debug_srcinfo
 *(.debug_srcinfo)

.debug_sfnames
 *(.debug_sfnames)

.debug_aranges  0x00000000      0x358
 *(.debug_aranges)
 .debug_aranges
                0x00000000       0x58 Arduino-usbserial.o
 .debug_aranges
                0x00000058       0x20 Descriptors.o
 .debug_aranges
                0x00000078       0xe8 ../../LUFA/Drivers/USB/LowLevel/Endpoint.o
 .debug_aranges
                0x00000160       0x30 ../../LUFA/Drivers/USB/LowLevel/USBController.o
 .debug_aranges
                0x00000190       0x38 ../../LUFA/Drivers/USB/LowLevel/USBInterrupt.o
 .debug_aranges
                0x000001c8       0x20 ../../LUFA/Drivers/USB/HighLevel/DeviceStandardReq.o
 .debug_aranges
                0x000001e8       0x20 ../../LUFA/Drivers/USB/HighLevel/Events.o
 .debug_aranges
                0x00000208       0x20 ../../LUFA/Drivers/USB/HighLevel/USBTask.o
 .debug_aranges
                0x00000228       0x90 ../../LUFA/Drivers/USB/Class/Device/CDC.o
 .debug_aranges
                0x000002b8       0x20 /usr/local/Cellar/avr-gcc@9/9.4.0/lib/avr-gcc/9/gcc/avr/9.4.0/avr35/libgcc.a(_udivmodsi4.o)
 .debug_aranges
                0x000002d8       0x20 /usr/local/Cellar/avr-gcc@9/9.4.0/lib/avr-gcc/9/gcc/avr/9.4.0/avr35/libgcc.a(_exit.o)
 .debug_aranges
                0x000002f8       0x20 /usr/local/Cellar/avr-gcc@9/9.4.0/lib/avr-gcc/9/gcc/avr/9.4.0/avr35/libgcc.a(_tablejump2.o)
 .debug_aranges
                0x00000318       0x20 /usr/local/Cellar/avr-gcc@9/9.4.0/lib/avr-gcc/9/gcc/avr/9.4.0/avr35/libgcc.a(_copy_data.o)
 .debug_aranges
                0x00000338       0x20 /usr/local/Cellar/avr-gcc@9/9.4.0/lib/avr-gcc/9/gcc/avr/9.4.0/avr35/libgcc.a(_clear_bss.o)

.debug_pubnames
 *(.debug_pubnames)

.debug_info     0x00000000     0x639a
 *(.debug_info .gnu.linkonce.wi.*)
 .debug_info    0x00000000      0x6ba /usr/local/Cellar/avr-gcc@9/9.4.0/lib/avr-gcc/9/gcc/avr/9.4.0/../../../../../../avr/lib/avr35/crtatmega16u2.o
 .debug_info    0x000006ba      0xf76 Arduino-usbserial.o
 .debug_info    0x00001630      0x85e Descriptors.o
 .debug_info    0x00001e8e     0x1cb8 ../../LUFA/Drivers/USB/LowLevel/Endpoint.o
 .debug_info    0x00003b46      0x375 ../../LUFA/Drivers/USB/LowLevel/USBController.o
 .debug_info    0x00003ebb      0x57f ../../LUFA/Drivers/USB/LowLevel/USBInterrupt.o
 .debug_info    0x0000443a      0xb65 ../../LUFA/Drivers/USB/HighLevel/DeviceStandardReq.o
 .debug_info    0x00004f9f       0x79 ../../LUFA/Drivers/USB/HighLevel/Events.o
 .debug_info    0x00005018      0x2b9 ../../LUFA/Drivers/USB/HighLevel/USBTask.o
 .debug_info    0x000052d1     0x100b ../../LUFA/Drivers/USB/Class/Device/CDC.o
 .debug_info    0x000062dc       0x26 /usr/local/Cellar/avr-gcc@9/9.4.0/lib/avr-gcc/9/gcc/avr/9.4.0/avr35/libgcc.a(_udivmodsi4.o)
 .debug_info    0x00006302       0x26 /usr/local/Cellar/avr-gcc@9/9.4.0/lib/avr-gcc/9/gcc/avr/9.4.0/avr35/libgcc.a(_exit.o)
 .debug_info    0x00006328       0x26 /usr/local/Cellar/avr-gcc@9/9.4.0/lib/avr-gcc/9/gcc/avr/9.4.0/avr35/libgcc.a(_tablejump2.o)
 .debug_info    0x0000634e       0x26 /usr/local/Cellar/avr-gcc@9/9.4.0/lib/avr-gcc/9/gcc/avr/9.4.0/avr35/libgcc.a(_copy_data.o)
 .debug_info    0x00006374       0x26 /usr/local/Cellar/avr-gcc@9/9.4.0/lib/avr-gcc/9/gcc/avr/9.4.0/avr35/libgcc.a(_clear_bss.o)

.debug_abbrev   0x00000000     0x1bf5
 *(.debug_abbrev)
 .debug_abbrev  0x00000000      0x65d /usr/local/Cellar/avr-gcc@9/9.4.0/lib/avr-gcc/9/gcc/avr/9.4.0/../../../../../../avr/lib/avr35/crtatmega16u2.o
 .debug_abbrev  0x0000065d      0x3a4 Arduino-usbserial.o
 .debug_abbrev  0x00000a01      0x1f0 Descriptors.o
 .debug_abbrev  0x00000bf1      0x2b3 ../../LUFA/Drivers/USB/LowLevel/Endpoint.o
 .debug_abbrev  0x00000ea4      0x166 ../../LUFA/Drivers/USB/LowLevel/USBController.o
 .debug_abbrev  0x0000100a      0x249 ../../LUFA/Drivers/USB/LowLevel/USBInterrupt.o
 .debug_abbrev  0x00001253      0x338 ../../LUFA/Drivers/USB/HighLevel/DeviceStandardReq.o
 .debug_abbrev  0x0000158b       0x46 ../../LUFA/Drivers/USB/HighLevel/Events.o
 .debug_abbrev  0x000015d1      0x1a7 ../../LUFA/Drivers/USB/HighLevel/USBTask.o
 .debug_abbrev  0x00001778      0x419 ../../LUFA/Drivers/USB/Class/Device/CDC.o
 .debug_abbrev  0x00001b91       0x14 /usr/local/Cellar/avr-gcc@9/9.4.0/lib/avr-gcc/9/gcc/avr/9.4.0/avr35/libgcc.a(_udivmodsi4.o)
 .debug_abbrev  0x00001ba5       0x14 /usr/local/Cellar/avr-gcc@9/9.4.0/lib/avr-gcc/9/gcc/avr/9.4.0/avr35/libgcc.a(_exit.o)
 .debug_abbrev  0x00001bb9       0x14 /usr/local/Cellar/avr-gcc@9/9.4.0/lib/avr-gcc/9/gcc/avr/9.4.0/avr35/libgcc.a(_tablejump2.o)
 .debug_abbrev  0x00001bcd       0x14 /usr/local/Cellar/avr-gcc@9/9.4.0/lib/avr-gcc/9/gcc/avr/9.4.0/avr35/libgcc.a(_copy_data.o)
 .debug_abbrev  0x00001be1       0x14 /usr/local/Cellar/avr-gcc@9/9.4.0/lib/avr-gcc/9/gcc/avr/9.4.0/avr35/libgcc.a(_clear_bss.o)

.debug_line     0x00000000     0x7099
 *(.debug_line .debug_line.* .debug_line_end)
 .debug_line    0x00000000       0x1d /usr/local/Cellar/avr-gcc@9/9.4.0/lib/avr-gcc/9/gcc/avr/9.4.0/../../../../../../avr/lib/avr35/crtatmega16u2.o
 .debug_line    0x0000001d      0xfca Arduino-usbserial.o
 .debug_line    0x00000fe7      0x2a1 Descriptors.o
 .debug_line    0x00001288     0x31e2 ../../LUFA/Drivers/USB/LowLevel/Endpoint.o
 .debug_line    0x0000446a      0x48e ../../LUFA/Drivers/USB/LowLevel/USBController.o
 .debug_line    0x000048f8      0x6e9 ../../LUFA/Drivers/USB/LowLevel/USBInterrupt.o
 .debug_line    0x00004fe1      0xca4 ../../LUFA/Drivers/USB/HighLevel/DeviceStandardReq.o
 .debug_line    0x00005c85       0x62 ../../LUFA/Drivers/USB/HighLevel/Events.o
 .debug_line    0x00005ce7      0x243 ../../LUFA/Drivers/USB/HighLevel/USBTask.o
 .debug_line    0x00005f2a      0xe58 ../../LUFA/Drivers/USB/Class/Device/CDC.o
 .debug_line    0x00006d82      0x121 /usr/local/Cellar/avr-gcc@9/9.4.0/lib/avr-gcc/9/gcc/avr/9.4.0/avr35/libgcc.a(_udivmodsi4.o)
 .debug_line    0x00006ea3       0x61 /usr/local/Cellar/avr-gcc@9/9.4.0/lib/avr-gcc/9/gcc/avr/9.4.0/avr35/libgcc.a(_exit.o)
 .debug_line    0x00006f04       0x79 /usr/local/Cellar/avr-gcc@9/9.4.0/lib/avr-gcc/9/gcc/avr/9.4.0/avr35/libgcc.a(_tablejump2.o)
 .debug_line    0x00006f7d       0x97 /usr/local/Cellar/avr-gcc@9/9.4.0/lib/avr-gcc/9/gcc/avr/9.4.0/avr35/libgcc.a(_copy_data.o)
 .debug_line    0x00007014       0x85 /usr/local/Cellar/avr-gcc@9/9.4.0/lib/avr-gcc/9/gcc/avr/9.4.0/avr35/libgcc.a(_clear_bss.o)

.debug_frame    0x00000000      0x7f4
 *(.debug_frame)
 .debug_frame   0x00000000       0xdc Arduino-usbserial.o
 .debug_frame   0x000000dc       0x24 Descriptors.o
 .debug_frame   0x00000100      0x3c8 ../../LUFA/Drivers/USB/LowLevel/Endpoint.o
 .debug_frame   0x000004c8       0x44 ../../LUFA/Drivers/USB/LowLevel/USBController.o
 .debug_frame   0x0000050c       0xfc ../../LUFA/Drivers/USB/LowLevel/USBInterrupt.o
 .debug_frame   0x00000608       0x3c ../../LUFA/Drivers/USB/HighLevel/DeviceStandardReq.o
 .debug_frame   0x00000644       0x24 ../../LUFA/Drivers/USB/HighLevel/Events.o
 .debug_frame   0x00000668       0x2c ../../LUFA/Drivers/USB/HighLevel/USBTask.o
 .debug_frame   0x00000694      0x160 ../../LUFA/Drivers/USB/Class/Device/CDC.o

.debug_str      0x00000000     0x1f3b
 *(.debug_str)
 .debug_str     0x00000000      0x262 /usr/local/Cellar/avr-gcc@9/9.4.0/lib/avr-gcc/9/gcc/avr/9.4.0/../../../../../../avr/lib/avr35/crtatmega16u2.o
 .debug_str     0x00000262      0x87d Arduino-usbserial.o
                                0x8d6 (size before relaxing)
 .debug_str     0x00000adf      0x46c Descriptors.o
                                0x749 (size before relaxing)
 .debug_str     0x00000f4b      0x7d9 ../../LUFA/Drivers/USB/LowLevel/Endpoint.o
                                0xb18 (size before relaxing)
 .debug_str     0x00001724      0x11e ../../LUFA/Drivers/USB/LowLevel/USBController.o
                                0x410 (size before relaxing)
 .debug_str     0x00001842      0x152 ../../LUFA/Drivers/USB/LowLevel/USBInterrupt.o
                                0x569 (size before relaxing)
 .debug_str     0x00001994      0x346 ../../LUFA/Drivers/USB/HighLevel/DeviceStandardReq.o
                                0x90d (size before relaxing)
 .debug_str     0x00001cda       0x39 ../../LUFA/Drivers/USB/HighLevel/Events.o
                                0x1bf (size before relaxing)
 .debug_str     0x00001d13       0x47 ../../LUFA/Drivers/USB/HighLevel/USBTask.o
                                0x3b9 (size before relaxing)
 .debug_str     0x00001d5a      0x15d ../../LUFA/Drivers/USB/Class/Device/CDC.o
                                0xa91 (size before relaxing)
 .debug_str     0x00001eb7       0x84 /usr/local/Cellar/avr-gcc@9/9.4.0/lib/avr-gcc/9/gcc/avr/9.4.0/avr35/libgcc.a(_udivmodsi4.o)
 .debug_str     0x00001f3b       0x84 /usr/local/Cellar/avr-gcc@9/9.4.0/lib/avr-gcc/9/gcc/avr/9.4.0/avr35/libgcc.a(_exit.o)
 .debug_str     0x00001f3b       0x84 /usr/local/Cellar/avr-gcc@9/9.4.0/lib/avr-gcc/9/gcc/avr/9.4.0/avr35/libgcc.a(_tablejump2.o)
 .debug_str     0x00001f3b       0x84 /usr/local/Cellar/avr-gcc@9/9.4.0/lib/avr-gcc/9/gcc/avr/9.4.0/avr35/libgcc.a(_copy_data.o)
 .debug_str     0x00001f3b       0x84 /usr/local/Cellar/avr-gcc@9/9.4.0/lib/avr-gcc/9/gcc/avr/9.4.0/avr35/libgcc.a(_clear_bss.o)

.debug_loc      0x00000000     0x3cf9
 *(.debug_loc)
 .debug_loc     0x00000000      0x76a Arduino-usbserial.o
 .debug_loc     0x0000076a      0x24b Descriptors.o
 .debug_loc     0x000009b5     0x23be ../../LUFA/Drivers/USB/LowLevel/Endpoint.o
 .debug_loc     0x00002d73       0x15 ../../LUFA/Drivers/USB/LowLevel/USBController.o
 .debug_loc     0x00002d88      0x2bb ../../LUFA/Drivers/USB/LowLevel/USBInterrupt.o
 .debug_loc     0x00003043      0x38e ../../LUFA/Drivers/USB/HighLevel/DeviceStandardReq.o
 .debug_loc     0x000033d1       0x62 ../../LUFA/Drivers/USB/HighLevel/USBTask.o
 .debug_loc     0x00003433      0x8c6 ../../LUFA/Drivers/USB/Class/Device/CDC.o

.debug_macinfo
 *(.debug_macinfo)

.debug_weaknames
 *(.debug_weaknames)

.debug_funcnames
 *(.debug_funcnames)

.debug_typenames
 *(.debug_typenames)

.debug_varnames
 *(.debug_varnames)

.debug_pubtypes
 *(.debug_pubtypes)

.debug_ranges   0x00000000      0x4f8
 *(.debug_ranges)
 .debug_ranges  0x00000000      0x160 Arduino-usbserial.o
 .debug_ranges  0x00000160       0x10 Descriptors.o
 .debug_ranges  0x00000170      0x180 ../../LUFA/Drivers/USB/LowLevel/Endpoint.o
 .debug_ranges  0x000002f0       0x20 ../../LUFA/Drivers/USB/LowLevel/USBController.o
 .debug_ranges  0x00000310       0x40 ../../LUFA/Drivers/USB/LowLevel/USBInterrupt.o
 .debug_ranges  0x00000350       0xd8 ../../LUFA/Drivers/USB/HighLevel/DeviceStandardReq.o
 .debug_ranges  0x00000428       0x10 ../../LUFA/Drivers/USB/HighLevel/Events.o
 .debug_ranges  0x00000438       0x10 ../../LUFA/Drivers/USB/HighLevel/USBTask.o
 .debug_ranges  0x00000448       0xb0 ../../LUFA/Drivers/USB/Class/Device/CDC.o

.debug_addr
 *(.debug_addr)

.debug_line_str
 *(.debug_line_str)

.debug_loclists
 *(.debug_loclists)

.debug_macro
 *(.debug_macro)

.debug_names
 *(.debug_names)

.debug_rnglists
 *(.debug_rnglists)

.debug_str_offsets
 *(.debug_str_offsets)

.debug_sup
 *(.debug_sup)
OUTPUT(Arduino-usbserial.elf elf32-avr)
LOAD linker stubs

Cross Reference Table

Symbol                                            File
Audio_Device_ConfigureEndpoints                   ../../LUFA/Drivers/USB/Class/Device/Audio.o
Audio_Device_ProcessControlRequest                ../../LUFA/Drivers/USB/Class/Device/Audio.o
CALLBACK_HID_Device_CreateHIDReport               ../../LUFA/Drivers/USB/Class/Device/HID.o
CALLBACK_HID_Device_ProcessHIDReport              ../../LUFA/Drivers/USB/Class/Device/HID.o
CALLBACK_MS_Device_SCSICommandReceived            ../../LUFA/Drivers/USB/Class/Device/MassStorage.o
CALLBACK_USB_GetDescriptor                        Descriptors.o
                                                  ../../LUFA/Drivers/USB/HighLevel/DeviceStandardReq.o
CDC_Device_BytesReceived                          ../../LUFA/Drivers/USB/Class/Device/CDC.o
CDC_Device_ConfigureEndpoints                     ../../LUFA/Drivers/USB/Class/Device/CDC.o
                                                  Arduino-usbserial.o
CDC_Device_CreateBlockingStream                   ../../LUFA/Drivers/USB/Class/Device/CDC.o
CDC_Device_CreateStream                           ../../LUFA/Drivers/USB/Class/Device/CDC.o
CDC_Device_Event_Stub                             ../../LUFA/Drivers/USB/Class/Device/CDC.o
CDC_Device_Flush                                  ../../LUFA/Drivers/USB/Class/Device/CDC.o
CDC_Device_ProcessControlRequest                  ../../LUFA/Drivers/USB/Class/Device/CDC.o
                                                  Arduino-usbserial.o
CDC_Device_ReceiveByte                            ../../LUFA/Drivers/USB/Class/Device/CDC.o
                                                  Arduino-usbserial.o
CDC_Device_SendByte                               ../../LUFA/Drivers/USB/Class/Device/CDC.o
                                                  Arduino-usbserial.o
CDC_Device_SendControlLineStateChange             ../../LUFA/Drivers/USB/Class/Device/CDC.o
CDC_Device_SendString                             ../../LUFA/Drivers/USB/Class/Device/CDC.o
CDC_Device_USBTask                                ../../LUFA/Drivers/USB/Class/Device/CDC.o
                                                  Arduino-usbserial.o
ConfigurationDescriptor                           Descriptors.o
DeviceDescriptor                                  Descriptors.o
EVENT_CDC_Device_BreakSent                        ../../LUFA/Drivers/USB/Class/Device/CDC.o
EVENT_CDC_Device_ControLineStateChanged           Arduino-usbserial.o
EVENT_CDC_Device_LineEncodingChanged              Arduino-usbserial.o
EVENT_USB_Device_ConfigurationChanged             Arduino-usbserial.o
                                                  ../../LUFA/Drivers/USB/HighLevel/DeviceStandardReq.o
EVENT_USB_Device_Connect                          ../../LUFA/Drivers/USB/HighLevel/Events.o
                                                  ../../LUFA/Drivers/USB/LowLevel/USBInterrupt.o
EVENT_USB_Device_Disconnect                       ../../LUFA/Drivers/USB/HighLevel/Events.o
                                                  ../../LUFA/Drivers/USB/LowLevel/USBInterrupt.o
EVENT_USB_Device_Reset                            ../../LUFA/Drivers/USB/HighLevel/Events.o
                                                  ../../LUFA/Drivers/USB/LowLevel/USBInterrupt.o
EVENT_USB_Device_StartOfFrame                     ../../LUFA/Drivers/USB/HighLevel/Events.o
                                                  ../../LUFA/Drivers/USB/LowLevel/USBInterrupt.o
EVENT_USB_Device_Suspend                          ../../LUFA/Drivers/USB/HighLevel/Events.o
EVENT_USB_Device_UnhandledControlRequest          Arduino-usbserial.o
                                                  ../../LUFA/Drivers/USB/HighLevel/DeviceStandardReq.o
EVENT_USB_Device_WakeUp                           ../../LUFA/Drivers/USB/HighLevel/Events.o
Endpoint_BytesToEPSizeMaskDynamic                 ../../LUFA/Drivers/USB/LowLevel/Endpoint.o
                                                  ../../LUFA/Drivers/USB/Class/Device/RNDIS.o
                                                  ../../LUFA/Drivers/USB/Class/Device/MIDI.o
                                                  ../../LUFA/Drivers/USB/Class/Device/MassStorage.o
                                                  ../../LUFA/Drivers/USB/Class/Device/HID.o
                                                  ../../LUFA/Drivers/USB/Class/Device/CDC.o
                                                  ../../LUFA/Drivers/USB/Class/Device/Audio.o
Endpoint_ClearEndpoints                           ../../LUFA/Drivers/USB/LowLevel/Endpoint.o
                                                  ../../LUFA/Drivers/USB/LowLevel/USBInterrupt.o
Endpoint_ClearStatusStage                         ../../LUFA/Drivers/USB/LowLevel/Endpoint.o
                                                  ../../LUFA/Drivers/USB/Class/Device/MassStorage.o
                                                  ../../LUFA/Drivers/USB/Class/Device/HID.o
                                                  ../../LUFA/Drivers/USB/Class/Device/CDC.o
                                                  ../../LUFA/Drivers/USB/Class/Device/Audio.o
                                                  ../../LUFA/Drivers/USB/HighLevel/DeviceStandardReq.o
Endpoint_ConfigureEndpoint_Prv                    ../../LUFA/Drivers/USB/LowLevel/Endpoint.o
                                                  ../../LUFA/Drivers/USB/Class/Device/RNDIS.o
                                                  ../../LUFA/Drivers/USB/Class/Device/MIDI.o
                                                  ../../LUFA/Drivers/USB/Class/Device/MassStorage.o
                                                  ../../LUFA/Drivers/USB/Class/Device/HID.o
                                                  ../../LUFA/Drivers/USB/Class/Device/CDC.o
                                                  ../../LUFA/Drivers/USB/Class/Device/Audio.o
                                                  ../../LUFA/Drivers/USB/LowLevel/USBInterrupt.o
Endpoint_Discard_Stream                           ../../LUFA/Drivers/USB/LowLevel/Endpoint.o
Endpoint_Read_Control_EStream_BE                  ../../LUFA/Drivers/USB/LowLevel/Endpoint.o
Endpoint_Read_Control_EStream_LE                  ../../LUFA/Drivers/USB/LowLevel/Endpoint.o
Endpoint_Read_Control_Stream_BE                   ../../LUFA/Drivers/USB/LowLevel/Endpoint.o
Endpoint_Read_Control_Stream_LE                   ../../LUFA/Drivers/USB/LowLevel/Endpoint.o
                                                  ../../LUFA/Drivers/USB/Class/Device/RNDIS.o
                                                  ../../LUFA/Drivers/USB/Class/Device/HID.o
                                                  ../../LUFA/Drivers/USB/Class/Device/CDC.o
Endpoint_Read_EStream_BE                          ../../LUFA/Drivers/USB/LowLevel/Endpoint.o
Endpoint_Read_EStream_LE                          ../../LUFA/Drivers/USB/LowLevel/Endpoint.o
Endpoint_Read_Stream_BE                           ../../LUFA/Drivers/USB/LowLevel/Endpoint.o
Endpoint_Read_Stream_LE                           ../../LUFA/Drivers/USB/LowLevel/Endpoint.o
                                                  ../../LUFA/Drivers/USB/Class/Device/RNDIS.o
                                                  ../../LUFA/Drivers/USB/Class/Device/MIDI.o
                                                  ../../LUFA/Drivers/USB/Class/Device/MassStorage.o
Endpoint_WaitUntilReady                           ../../LUFA/Drivers/USB/LowLevel/Endpoint.o
                                                  ../../LUFA/Drivers/USB/Class/Device/MIDI.o
                                                  ../../LUFA/Drivers/USB/Class/Device/CDC.o
Endpoint_Write_Control_EStream_BE                 ../../LUFA/Drivers/USB/LowLevel/Endpoint.o
Endpoint_Write_Control_EStream_LE                 ../../LUFA/Drivers/USB/LowLevel/Endpoint.o
Endpoint_Write_Control_PStream_BE                 ../../LUFA/Drivers/USB/LowLevel/Endpoint.o
Endpoint_Write_Control_PStream_LE                 ../../LUFA/Drivers/USB/LowLevel/Endpoint.o
                                                  ../../LUFA/Drivers/USB/HighLevel/DeviceStandardReq.o
Endpoint_Write_Control_Stream_BE                  ../../LUFA/Drivers/USB/LowLevel/Endpoint.o
Endpoint_Write_Control_Stream_LE                  ../../LUFA/Drivers/USB/LowLevel/Endpoint.o
                                                  ../../LUFA/Drivers/USB/Class/Device/RNDIS.o
                                                  ../../LUFA/Drivers/USB/Class/Device/HID.o
                                                  ../../LUFA/Drivers/USB/Class/Device/CDC.o
                                                  ../../LUFA/Drivers/USB/HighLevel/DeviceStandardReq.o
Endpoint_Write_EStream_BE                         ../../LUFA/Drivers/USB/LowLevel/Endpoint.o
Endpoint_Write_EStream_LE                         ../../LUFA/Drivers/USB/LowLevel/Endpoint.o
Endpoint_Write_PStream_BE                         ../../LUFA/Drivers/USB/LowLevel/Endpoint.o
Endpoint_Write_PStream_LE                         ../../LUFA/Drivers/USB/LowLevel/Endpoint.o
Endpoint_Write_Stream_BE                          ../../LUFA/Drivers/USB/LowLevel/Endpoint.o
Endpoint_Write_Stream_LE                          ../../LUFA/Drivers/USB/LowLevel/Endpoint.o
                                                  ../../LUFA/Drivers/USB/Class/Device/RNDIS.o
                                                  ../../LUFA/Drivers/USB/Class/Device/MIDI.o
                                                  ../../LUFA/Drivers/USB/Class/Device/MassStorage.o
                                                  ../../LUFA/Drivers/USB/Class/Device/HID.o
                                                  ../../LUFA/Drivers/USB/Class/Device/CDC.o
HID_Device_ConfigureEndpoints                     ../../LUFA/Drivers/USB/Class/Device/HID.o
HID_Device_ProcessControlRequest                  ../../LUFA/Drivers/USB/Class/Device/HID.o
HID_Device_USBTask                                ../../LUFA/Drivers/USB/Class/Device/HID.o
LanguageString                                    Descriptors.o
MIDI_Device_ConfigureEndpoints                    ../../LUFA/Drivers/USB/Class/Device/MIDI.o
MIDI_Device_Flush                                 ../../LUFA/Drivers/USB/Class/Device/MIDI.o
MIDI_Device_ReceiveEventPacket                    ../../LUFA/Drivers/USB/Class/Device/MIDI.o
MIDI_Device_SendEventPacket                       ../../LUFA/Drivers/USB/Class/Device/MIDI.o
MS_Device_ConfigureEndpoints                      ../../LUFA/Drivers/USB/Class/Device/MassStorage.o
MS_Device_ProcessControlRequest                   ../../LUFA/Drivers/USB/Class/Device/MassStorage.o
MS_Device_USBTask                                 ../../LUFA/Drivers/USB/Class/Device/MassStorage.o
ManufacturerString                                Descriptors.o
ProductString                                     Descriptors.o
PulseMSRemaining                                  Arduino-usbserial.o
RNDIS_Device_ConfigureEndpoints                   ../../LUFA/Drivers/USB/Class/Device/RNDIS.o
RNDIS_Device_ProcessControlRequest                ../../LUFA/Drivers/USB/Class/Device/RNDIS.o
RNDIS_Device_USBTask                              ../../LUFA/Drivers/USB/Class/Device/RNDIS.o
SetupHardware                                     Arduino-usbserial.o
USARTtoUSB_Buffer                                 Arduino-usbserial.o
USB_ConfigurationNumber                           ../../LUFA/Drivers/USB/HighLevel/DeviceStandardReq.o
                                                  ../../LUFA/Drivers/USB/LowLevel/USBInterrupt.o
                                                  ../../LUFA/Drivers/USB/LowLevel/USBController.o
USB_ControlRequest                                ../../LUFA/Drivers/USB/HighLevel/USBTask.o
                                                  ../../LUFA/Drivers/USB/Class/Device/RNDIS.o
                                                  ../../LUFA/Drivers/USB/Class/Device/MassStorage.o
                                                  ../../LUFA/Drivers/USB/Class/Device/HID.o
                                                  ../../LUFA/Drivers/USB/Class/Device/CDC.o
                                                  ../../LUFA/Drivers/USB/Class/Device/Audio.o
                                                  ../../LUFA/Drivers/USB/HighLevel/DeviceStandardReq.o
                                                  ../../LUFA/Drivers/USB/LowLevel/Endpoint.o
USB_CurrentlySelfPowered                          ../../LUFA/Drivers/USB/HighLevel/DeviceStandardReq.o
                                                  ../../LUFA/Drivers/USB/LowLevel/USBController.o
USB_Device_ProcessControlRequest                  ../../LUFA/Drivers/USB/HighLevel/DeviceStandardReq.o
                                                  ../../LUFA/Drivers/USB/HighLevel/USBTask.o
                                                  ../../LUFA/Drivers/USB/LowLevel/USBInterrupt.o
USB_Device_SendRemoteWakeup                       ../../LUFA/Drivers/USB/LowLevel/Device.o
USB_Event_Stub                                    ../../LUFA/Drivers/USB/HighLevel/Events.o
USB_GetNextDescriptorComp                         ../../LUFA/Drivers/USB/HighLevel/ConfigDescriptor.o
USB_GetNextDescriptorOfType                       ../../LUFA/Drivers/USB/HighLevel/ConfigDescriptor.o
USB_GetNextDescriptorOfTypeAfter                  ../../LUFA/Drivers/USB/HighLevel/ConfigDescriptor.o
USB_GetNextDescriptorOfTypeBefore                 ../../LUFA/Drivers/USB/HighLevel/ConfigDescriptor.o
USB_INT_ClearAllInterrupts                        ../../LUFA/Drivers/USB/LowLevel/USBInterrupt.o
                                                  ../../LUFA/Drivers/USB/LowLevel/USBController.o
USB_INT_DisableAllInterrupts                      ../../LUFA/Drivers/USB/LowLevel/USBInterrupt.o
                                                  ../../LUFA/Drivers/USB/LowLevel/USBController.o
USB_Init                                          ../../LUFA/Drivers/USB/LowLevel/USBController.o
                                                  Arduino-usbserial.o
USB_IsInitialized                                 ../../LUFA/Drivers/USB/HighLevel/USBTask.o
                                                  ../../LUFA/Drivers/USB/LowLevel/USBController.o
USB_RemoteWakeupEnabled                           ../../LUFA/Drivers/USB/HighLevel/DeviceStandardReq.o
                                                  ../../LUFA/Drivers/USB/LowLevel/USBController.o
USB_ResetInterface                                ../../LUFA/Drivers/USB/LowLevel/USBController.o
USB_ShutDown                                      ../../LUFA/Drivers/USB/LowLevel/USBController.o
USB_USBTask                                       ../../LUFA/Drivers/USB/HighLevel/USBTask.o
                                                  ../../LUFA/Drivers/USB/Class/Device/CDC.o
                                                  Arduino-usbserial.o
USBtoUSART_Buffer                                 Arduino-usbserial.o
VirtualSerial_CDC_Interface                       Arduino-usbserial.o
__FUSE_REGION_LENGTH__                            /usr/local/Cellar/avr-gcc@9/9.4.0/lib/avr-gcc/9/gcc/avr/9.4.0/../../../../../../avr/lib/avr35/crtatmega16u2.o
__bad_interrupt                                   /usr/local/Cellar/avr-gcc@9/9.4.0/lib/avr-gcc/9/gcc/avr/9.4.0/../../../../../../avr/lib/avr35/crtatmega16u2.o
__bss_end                                         /usr/local/Cellar/avr-gcc@9/9.4.0/lib/avr-gcc/9/gcc/avr/9.4.0/avr35/libgcc.a(_clear_bss.o)
__bss_start                                       /usr/local/Cellar/avr-gcc@9/9.4.0/lib/avr-gcc/9/gcc/avr/9.4.0/avr35/libgcc.a(_clear_bss.o)
__data_end                                        /usr/local/Cellar/avr-gcc@9/9.4.0/lib/avr-gcc/9/gcc/avr/9.4.0/avr35/libgcc.a(_copy_data.o)
__data_load_start                                 /usr/local/Cellar/avr-gcc@9/9.4.0/lib/avr-gcc/9/gcc/avr/9.4.0/avr35/libgcc.a(_copy_data.o)
__data_start                                      /usr/local/Cellar/avr-gcc@9/9.4.0/lib/avr-gcc/9/gcc/avr/9.4.0/avr35/libgcc.a(_copy_data.o)
__do_clear_bss                                    /usr/local/Cellar/avr-gcc@9/9.4.0/lib/avr-gcc/9/gcc/avr/9.4.0/avr35/libgcc.a(_clear_bss.o)
                                                  ../../LUFA/Drivers/USB/Class/Device/MassStorage.o
                                                  ../../LUFA/Drivers/USB/HighLevel/USBTask.o
                                                  ../../LUFA/Drivers/USB/HighLevel/DeviceStandardReq.o
                                                  Arduino-usbserial.o
__do_copy_data                                    /usr/local/Cellar/avr-gcc@9/9.4.0/lib/avr-gcc/9/gcc/avr/9.4.0/avr35/libgcc.a(_copy_data.o)
                                                  ../../LUFA/Drivers/USB/Class/Device/RNDIS.o
                                                  ../../LUFA/Drivers/USB/Class/Device/CDC.o
                                                  Arduino-usbserial.o
__heap_end                                        /usr/local/Cellar/avr-gcc@9/9.4.0/lib/avr-gcc/9/gcc/avr/9.4.0/../../../../../../avr/lib/avr35/crtatmega16u2.o
__init                                            /usr/local/Cellar/avr-gcc@9/9.4.0/lib/avr-gcc/9/gcc/avr/9.4.0/../../../../../../avr/lib/avr35/crtatmega16u2.o
__stack                                           /usr/local/Cellar/avr-gcc@9/9.4.0/lib/avr-gcc/9/gcc/avr/9.4.0/../../../../../../avr/lib/avr35/crtatmega16u2.o
__tablejump2__                                    /usr/local/Cellar/avr-gcc@9/9.4.0/lib/avr-gcc/9/gcc/avr/9.4.0/avr35/libgcc.a(_tablejump2.o)
                                                  ../../LUFA/Drivers/USB/Class/Device/RNDIS.o
                                                  ../../LUFA/Drivers/USB/HighLevel/DeviceStandardReq.o
__udivmodsi4                                      /usr/local/Cellar/avr-gcc@9/9.4.0/lib/avr-gcc/9/gcc/avr/9.4.0/avr35/libgcc.a(_udivmodsi4.o)
                                                  Arduino-usbserial.o
__vector_1                                        /usr/local/Cellar/avr-gcc@9/9.4.0/lib/avr-gcc/9/gcc/avr/9.4.0/../../../../../../avr/lib/avr35/crtatmega16u2.o
__vector_10                                       /usr/local/Cellar/avr-gcc@9/9.4.0/lib/avr-gcc/9/gcc/avr/9.4.0/../../../../../../avr/lib/avr35/crtatmega16u2.o
__vector_11                                       ../../LUFA/Drivers/USB/LowLevel/USBInterrupt.o
                                                  /usr/local/Cellar/avr-gcc@9/9.4.0/lib/avr-gcc/9/gcc/avr/9.4.0/../../../../../../avr/lib/avr35/crtatmega16u2.o
__vector_12                                       ../../LUFA/Drivers/USB/LowLevel/USBInterrupt.o
                                                  /usr/local/Cellar/avr-gcc@9/9.4.0/lib/avr-gcc/9/gcc/avr/9.4.0/../../../../../../avr/lib/avr35/crtatmega16u2.o
__vector_13                                       /usr/local/Cellar/avr-gcc@9/9.4.0/lib/avr-gcc/9/gcc/avr/9.4.0/../../../../../../avr/lib/avr35/crtatmega16u2.o
__vector_14                                       /usr/local/Cellar/avr-gcc@9/9.4.0/lib/avr-gcc/9/gcc/avr/9.4.0/../../../../../../avr/lib/avr35/crtatmega16u2.o
__vector_15                                       /usr/local/Cellar/avr-gcc@9/9.4.0/lib/avr-gcc/9/gcc/avr/9.4.0/../../../../../../avr/lib/avr35/crtatmega16u2.o
__vector_16                                       /usr/local/Cellar/avr-gcc@9/9.4.0/lib/avr-gcc/9/gcc/avr/9.4.0/../../../../../../avr/lib/avr35/crtatmega16u2.o
__vector_17                                       /usr/local/Cellar/avr-gcc@9/9.4.0/lib/avr-gcc/9/gcc/avr/9.4.0/../../../../../../avr/lib/avr35/crtatmega16u2.o
__vector_18                                       /usr/local/Cellar/avr-gcc@9/9.4.0/lib/avr-gcc/9/gcc/avr/9.4.0/../../../../../../avr/lib/avr35/crtatmega16u2.o
__vector_19                                       /usr/local/Cellar/avr-gcc@9/9.4.0/lib/avr-gcc/9/gcc/avr/9.4.0/../../../../../../avr/lib/avr35/crtatmega16u2.o
__vector_2                                        /usr/local/Cellar/avr-gcc@9/9.4.0/lib/avr-gcc/9/gcc/avr/9.4.0/../../../../../../avr/lib/avr35/crtatmega16u2.o
__vector_20                                       /usr/local/Cellar/avr-gcc@9/9.4.0/lib/avr-gcc/9/gcc/avr/9.4.0/../../../../../../avr/lib/avr35/crtatmega16u2.o
__vector_21                                       /usr/local/Cellar/avr-gcc@9/9.4.0/lib/avr-gcc/9/gcc/avr/9.4.0/../../../../../../avr/lib/avr35/crtatmega16u2.o
__vector_22                                       /usr/local/Cellar/avr-gcc@9/9.4.0/lib/avr-gcc/9/gcc/avr/9.4.0/../../../../../../avr/lib/avr35/crtatmega16u2.o
__vector_23                                       Arduino-usbserial.o
                                                  /usr/local/Cellar/avr-gcc@9/9.4.0/lib/avr-gcc/9/gcc/avr/9.4.0/../../../../../../avr/lib/avr35/crtatmega16u2.o
__vector_24                                       /usr/local/Cellar/avr-gcc@9/9.4.0/lib/avr-gcc/9/gcc/avr/9.4.0/../../../../../../avr/lib/avr35/crtatmega16u2.o
__vector_25                                       /usr/local/Cellar/avr-gcc@9/9.4.0/lib/avr-gcc/9/gcc/avr/9.4.0/../../../../../../avr/lib/avr35/crtatmega16u2.o
__vector_26                                       /usr/local/Cellar/avr-gcc@9/9.4.0/lib/avr-gcc/9/gcc/avr/9.4.0/../../../../../../avr/lib/avr35/crtatmega16u2.o
__vector_27                                       /usr/local/Cellar/avr-gcc@9/9.4.0/lib/avr-gcc/9/gcc/avr/9.4.0/../../../../../../avr/lib/avr35/crtatmega16u2.o
__vector_28                                       /usr/local/Cellar/avr-gcc@9/9.4.0/lib/avr-gcc/9/gcc/avr/9.4.0/../../../../../../avr/lib/avr35/crtatmega16u2.o
__vector_3                                        /usr/local/Cellar/avr-gcc@9/9.4.0/lib/avr-gcc/9/gcc/avr/9.4.0/../../../../../../avr/lib/avr35/crtatmega16u2.o
__vector_4                                        /usr/local/Cellar/avr-gcc@9/9.4.0/lib/avr-gcc/9/gcc/avr/9.4.0/../../../../../../avr/lib/avr35/crtatmega16u2.o
__vector_5                                        /usr/local/Cellar/avr-gcc@9/9.4.0/lib/avr-gcc/9/gcc/avr/9.4.0/../../../../../../avr/lib/avr35/crtatmega16u2.o
__vector_6                                        /usr/local/Cellar/avr-gcc@9/9.4.0/lib/avr-gcc/9/gcc/avr/9.4.0/../../../../../../avr/lib/avr35/crtatmega16u2.o
__vector_7                                        /usr/local/Cellar/avr-gcc@9/9.4.0/lib/avr-gcc/9/gcc/avr/9.4.0/../../../../../../avr/lib/avr35/crtatmega16u2.o
__vector_8                                        /usr/local/Cellar/avr-gcc@9/9.4.0/lib/avr-gcc/9/gcc/avr/9.4.0/../../../../../../avr/lib/avr35/crtatmega16u2.o
__vector_9                                        /usr/local/Cellar/avr-gcc@9/9.4.0/lib/avr-gcc/9/gcc/avr/9.4.0/../../../../../../avr/lib/avr35/crtatmega16u2.o
__vector_default                                  /usr/local/Cellar/avr-gcc@9/9.4.0/lib/avr-gcc/9/gcc/avr/9.4.0/../../../../../../avr/lib/avr35/crtatmega16u2.o
__vectors                                         /usr/local/Cellar/avr-gcc@9/9.4.0/lib/avr-gcc/9/gcc/avr/9.4.0/../../../../../../avr/lib/avr35/crtatmega16u2.o
_exit                                             /usr/local/Cellar/avr-gcc@9/9.4.0/lib/avr-gcc/9/gcc/avr/9.4.0/avr35/libgcc.a(_exit.o)
eeprom_read_byte                                  /usr/local/Cellar/avr-gcc@9/9.4.0/lib/avr-gcc/9/gcc/avr/9.4.0/../../../../../../avr/lib/avr35/libatmega16u2.a(eerd_byte.o)
                                                  ../../LUFA/Drivers/USB/LowLevel/Endpoint.o
eeprom_update_byte                                /usr/local/Cellar/avr-gcc@9/9.4.0/lib/avr-gcc/9/gcc/avr/9.4.0/../../../../../../avr/lib/avr35/libatmega16u2.a(eeupd_byte.o)
                                                  ../../LUFA/Drivers/USB/LowLevel/Endpoint.o
eeprom_update_r18                                 /usr/local/Cellar/avr-gcc@9/9.4.0/lib/avr-gcc/9/gcc/avr/9.4.0/../../../../../../avr/lib/avr35/libatmega16u2.a(eeupd_byte.o)
exit                                              /usr/local/Cellar/avr-gcc@9/9.4.0/lib/avr-gcc/9/gcc/avr/9.4.0/avr35/libgcc.a(_exit.o)
                                                  /usr/local/Cellar/avr-gcc@9/9.4.0/lib/avr-gcc/9/gcc/avr/9.4.0/../../../../../../avr/lib/avr35/crtatmega16u2.o
main                                              Arduino-usbserial.o
                                                  /usr/local/Cellar/avr-gcc@9/9.4.0/lib/avr-gcc/9/gcc/avr/9.4.0/../../../../../../avr/lib/avr35/crtatmega16u2.o
memcmp                                            /usr/local/Cellar/avr-gcc@9/9.4.0/lib/avr-gcc/9/gcc/avr/9.4.0/../../../../../../avr/lib/avr35/libc.a(memcmp.o)
                                                  ../../LUFA/Drivers/USB/Class/Device/HID.o
memcpy                                            /usr/local/Cellar/avr-gcc@9/9.4.0/lib/avr-gcc/9/gcc/avr/9.4.0/../../../../../../avr/lib/avr35/libc.a(memcpy.o)
                                                  ../../LUFA/Drivers/USB/Class/Device/RNDIS.o
                                                  ../../LUFA/Drivers/USB/Class/Device/HID.o
memcpy_P                                          /usr/local/Cellar/avr-gcc@9/9.4.0/lib/avr-gcc/9/gcc/avr/9.4.0/../../../../../../avr/lib/avr35/libc.a(memcpy_P.o)
                                                  ../../LUFA/Drivers/USB/Class/Device/RNDIS.o
memset                                            /usr/local/Cellar/avr-gcc@9/9.4.0/lib/avr-gcc/9/gcc/avr/9.4.0/../../../../../../avr/lib/avr35/libc.a(memset.o)
                                                  ../../LUFA/Drivers/USB/Class/Device/HID.o
